
Allocating common symbols
Common symbol       size              file

idt_ptr             0x6               kernel/global.o
task_stack          0x38000           kernel/global.o
k_reenter           0x4               kernel/global.o
gdt                 0x400             kernel/global.o
tty_table           0xc30             kernel/global.o
tss                 0x68              kernel/global.o
nr_current_console  0x4               kernel/global.o
disp_pos            0x4               kernel/global.o
gdt_ptr             0x6               kernel/global.o
idt                 0x800             kernel/global.o
PARTITION_ENTRY     0x10              kernel/hd.o
ticks               0x4               kernel/global.o
console_table       0x30              kernel/global.o
irq_table           0x40              kernel/global.o
p_proc_ready        0x4               kernel/global.o
proc_table          0x41a             kernel/global.o

Discarded input sections

 .note.GNU-stack
                0x0000000000000000        0x0 kernel/start.o
 .note.GNU-stack
                0x0000000000000000        0x0 kernel/main.o
 .note.GNU-stack
                0x0000000000000000        0x0 kernel/clock.o
 .note.GNU-stack
                0x0000000000000000        0x0 kernel/keyboard.o
 .note.GNU-stack
                0x0000000000000000        0x0 kernel/tty.o
 .note.GNU-stack
                0x0000000000000000        0x0 kernel/console.o
 .note.GNU-stack
                0x0000000000000000        0x0 kernel/i8259.o
 .note.GNU-stack
                0x0000000000000000        0x0 kernel/global.o
 .note.GNU-stack
                0x0000000000000000        0x0 kernel/protect.o
 .note.GNU-stack
                0x0000000000000000        0x0 kernel/proc.o
 .note.GNU-stack
                0x0000000000000000        0x0 kernel/systask.o
 .note.GNU-stack
                0x0000000000000000        0x0 kernel/hd.o
 .note.GNU-stack
                0x0000000000000000        0x0 kernel/printf.o
 .note.GNU-stack
                0x0000000000000000        0x0 kernel/vsprintf.o
 .note.GNU-stack
                0x0000000000000000        0x0 lib/klib.o
 .note.GNU-stack
                0x0000000000000000        0x0 lib/misc.o
 .note.GNU-stack
                0x0000000000000000        0x0 fs/main.o

Memory Configuration

Name             Origin             Length             Attributes
*default*        0x0000000000000000 0xffffffffffffffff

Linker script and memory map

Address of section .text set to 0x30400
LOAD kernel/kernel.o
LOAD kernel/syscall.o
LOAD kernel/start.o
LOAD kernel/main.o
LOAD kernel/clock.o
LOAD kernel/keyboard.o
LOAD kernel/tty.o
LOAD kernel/console.o
LOAD kernel/i8259.o
LOAD kernel/global.o
LOAD kernel/protect.o
LOAD kernel/proc.o
LOAD kernel/systask.o
LOAD kernel/hd.o
LOAD kernel/printf.o
LOAD kernel/vsprintf.o
LOAD lib/kliba.o
LOAD lib/klib.o
LOAD lib/string.o
LOAD lib/misc.o
LOAD fs/main.o
                [!provide]                        PROVIDE (__executable_start, 0x8048000)
                0x0000000008048094                . = (0x8048000 + SIZEOF_HEADERS)

.interp
 *(.interp)

.note.gnu.build-id
 *(.note.gnu.build-id)

.hash
 *(.hash)

.gnu.hash
 *(.gnu.hash)

.dynsym
 *(.dynsym)

.dynstr
 *(.dynstr)

.gnu.version
 *(.gnu.version)

.gnu.version_d
 *(.gnu.version_d)

.gnu.version_r
 *(.gnu.version_r)

.rel.dyn        0x0000000008048094        0x0
 *(.rel.init)
 *(.rel.text .rel.text.* .rel.gnu.linkonce.t.*)
 .rel.text      0x0000000008048094        0x0 kernel/kernel.o
 *(.rel.fini)
 *(.rel.rodata .rel.rodata.* .rel.gnu.linkonce.r.*)
 *(.rel.data.rel.ro .rel.data.rel.ro.* .rel.gnu.linkonce.d.rel.ro.*)
 *(.rel.data .rel.data.* .rel.gnu.linkonce.d.*)
 .rel.data      0x0000000008048094        0x0 kernel/kernel.o
 *(.rel.tdata .rel.tdata.* .rel.gnu.linkonce.td.*)
 *(.rel.tbss .rel.tbss.* .rel.gnu.linkonce.tb.*)
 *(.rel.ctors)
 *(.rel.dtors)
 *(.rel.got)
 *(.rel.bss .rel.bss.* .rel.gnu.linkonce.b.*)
 *(.rel.ifunc)

.rel.plt        0x0000000008048094        0x0
 *(.rel.plt)
                [!provide]                        PROVIDE (__rel_iplt_start, .)
 *(.rel.iplt)
 .rel.iplt      0x0000000008048094        0x0 kernel/kernel.o
                [!provide]                        PROVIDE (__rel_iplt_end, .)

.init
 *(SORT(.init))

.plt            0x00000000080480a0        0x0
 *(.plt)
 *(.iplt)
 .iplt          0x00000000080480a0        0x0 kernel/kernel.o

.plt.got
 *(.plt.got)

.text           0x0000000000030400     0x52b6
 *(.text.unlikely .text.*_unlikely .text.unlikely.*)
 *(.text.exit .text.exit.*)
 *(.text.startup .text.startup.*)
 *(.text.hot .text.hot.*)
 *(.text .stub .text.* .gnu.linkonce.t.*)
 .text          0x0000000000030400      0x424 kernel/kernel.o
                0x0000000000030400                _start
                0x0000000000030480                hwint00
                0x00000000000304b0                hwint01
                0x00000000000304e0                hwint02
                0x0000000000030510                hwint03
                0x0000000000030540                hwint04
                0x0000000000030570                hwint05
                0x00000000000305a0                hwint06
                0x00000000000305d0                hwint07
                0x0000000000030600                hwint08
                0x0000000000030630                hwint09
                0x0000000000030660                hwint10
                0x0000000000030690                hwint11
                0x00000000000306c0                hwint12
                0x00000000000306f0                hwint13
                0x0000000000030720                hwint14
                0x0000000000030750                hwint15
                0x0000000000030774                divide_error
                0x000000000003077a                single_step_exception
                0x0000000000030780                nmi
                0x0000000000030786                breakpoint_exception
                0x000000000003078c                overflow
                0x0000000000030792                bounds_check
                0x0000000000030798                inval_opcode
                0x000000000003079e                copr_not_available
                0x00000000000307a4                double_fault
                0x00000000000307a8                copr_seg_overrun
                0x00000000000307ae                inval_tss
                0x00000000000307b2                segment_not_present
                0x00000000000307b6                stack_exception
                0x00000000000307ba                general_protection
                0x00000000000307be                page_fault
                0x00000000000307c2                copr_error
                0x00000000000307df                sys_call
                0x00000000000307ff                restart
 *fill*         0x0000000000030824        0xc 
 .text          0x0000000000030830       0x28 kernel/syscall.o
                0x0000000000030838                printx
                0x0000000000030844                sendrec
 .text          0x0000000000030858       0x85 kernel/start.o
                0x0000000000030858                cstart
 .text          0x00000000000308dd      0x41f kernel/main.o
                0x00000000000308dd                kernel_main
                0x0000000000030bdc                get_ticks
                0x0000000000030c10                TestA
                0x0000000000030c55                TestB
                0x0000000000030c84                TestC
                0x0000000000030cb3                panic
 .text          0x0000000000030cfc       0xd5 kernel/clock.o
                0x0000000000030cfc                clock_handler
                0x0000000000030d3f                init_clock
                0x0000000000030d97                milli_delay
 .text          0x0000000000030dd1      0x644 kernel/keyboard.o
                0x0000000000030dd1                keyboard_handler
                0x0000000000030e31                init_keyboard
                0x0000000000030ed6                keyboard_read
 .text          0x0000000000031415      0x564 kernel/tty.o
                0x0000000000031415                task_tty
                0x000000000003149d                in_process
                0x000000000003171e                tty_write
                0x0000000000031764                sys_write
                0x000000000003179b                sys_printx
 .text          0x0000000000031979      0x443 kernel/console.o
                0x0000000000031979                is_current_console
                0x0000000000031994                out_char
                0x0000000000031b64                init_screen
                0x0000000000031c82                select_console
                0x0000000000031d3c                scroll_screen
 .text          0x0000000000031dbc      0x130 kernel/i8259.o
                0x0000000000031dbc                init_8259A
                0x0000000000031e91                spurious_irq
                0x0000000000031ec8                put_irq_handler
 .text          0x0000000000031eec        0x0 kernel/global.o
 .text          0x0000000000031eec      0x608 kernel/protect.o
                0x0000000000031eec                init_prot
                0x0000000000032298                exception_handler
 .text          0x00000000000324f4     0x16e7 kernel/proc.o
                0x00000000000324f4                schedule
                0x0000000000032582                sys_get_ticks
                0x000000000003258c                sys_sendrec
                0x00000000000326a6                ldt_seg_linear
                0x00000000000326f0                va2la
                0x000000000003274e                reset_msg
                0x0000000000033528                send_recv
                0x00000000000335e5                inform_int
                0x000000000003372a                dump_proc
                0x0000000000033ace                dump_msg
 .text          0x0000000000033bdb       0x58 kernel/systask.o
                0x0000000000033bdb                task_sys
 .text          0x0000000000033c33      0xdaf kernel/hd.o
                0x0000000000033c33                task_hd
                0x0000000000034108                hd_handler
 .text          0x00000000000349e2       0x50 kernel/printf.o
                0x00000000000349e2                printf
 .text          0x0000000000034a32      0x305 kernel/vsprintf.o
                0x0000000000034a90                vsprintf
                0x0000000000034d11                sprintf
 *fill*         0x0000000000034d37        0x9 
 .text          0x0000000000034d40      0x111 lib/kliba.o
                0x0000000000034d40                disable_irq
                0x0000000000034d75                enable_irq
                0x0000000000034d94                out_byte
                0x0000000000034da0                in_byte
                0x0000000000034daa                disp_str
                0x0000000000034de8                disp_color_str
                0x0000000000034e27                disable_int
                0x0000000000034e29                enable_int
                0x0000000000034e2b                port_read
                0x0000000000034e3e                port_write
 .text          0x0000000000034e51      0x119 lib/klib.o
                0x0000000000034e51                itoa
                0x0000000000034efc                disp_int
                0x0000000000034f23                delay
 *fill*         0x0000000000034f6a        0x6 
 .text          0x0000000000034f70       0x78 lib/string.o
                0x0000000000034f70                memcpy
                0x0000000000034f99                memset
                0x0000000000034fba                strcpy
                0x0000000000034fd2                strlen
 .text          0x0000000000034fe8       0x54 lib/misc.o
                0x0000000000034fe8                assertion_failure
                0x0000000000035021                spin
 .text          0x000000000003503c      0x67a fs/main.o
                0x000000000003503c                task_fs
                0x00000000000355f8                rw_sector
                0x0000000000035687                test
 *(.gnu.warning)

.fini
 *(SORT(.fini))
                [!provide]                        PROVIDE (__etext, .)
                [!provide]                        PROVIDE (_etext, .)
                [!provide]                        PROVIDE (etext, .)

.rodata         0x00000000000356c0      0xdea
 *(.rodata .rodata.* .gnu.linkonce.r.*)
 .rodata        0x00000000000356c0       0x36 kernel/start.o
 *fill*         0x00000000000356f6        0x2 
 .rodata        0x00000000000356f8       0x51 kernel/main.o
 *fill*         0x0000000000035749        0x3 
 .rodata        0x000000000003574c       0x64 kernel/keyboard.o
 .rodata        0x00000000000357b0       0x94 kernel/tty.o
 .rodata        0x0000000000035844       0x11 kernel/i8259.o
 *fill*         0x0000000000035855        0x3 
 .rodata        0x0000000000035858        0x4 kernel/global.o
                0x0000000000035858                FSBUF_SIZE
 *fill*         0x000000000003585c        0x4 
 .rodata        0x0000000000035860      0x290 kernel/protect.o
 .rodata        0x0000000000035af0      0x63e kernel/proc.o
 .rodata        0x000000000003612e       0x11 kernel/systask.o
 *fill*         0x000000000003613f        0x1 
 .rodata        0x0000000000036140      0x1d0 kernel/hd.o
 .rodata        0x0000000000036310       0x61 lib/misc.o
 *fill*         0x0000000000036371        0x3 
 .rodata        0x0000000000036374      0x136 fs/main.o

.rodata1
 *(.rodata1)

.eh_frame_hdr
 *(.eh_frame_hdr)
 *(.eh_frame_entry .eh_frame_entry.*)

.eh_frame       0x00000000000364ac      0xb24
 *(.eh_frame)
 .eh_frame      0x00000000000364ac       0x38 kernel/start.o
 .eh_frame      0x00000000000364e4       0xb0 kernel/main.o
                                         0xc8 (size before relaxing)
 .eh_frame      0x0000000000036594       0x60 kernel/clock.o
                                         0x78 (size before relaxing)
 .eh_frame      0x00000000000365f4       0xe0 kernel/keyboard.o
                                         0xf8 (size before relaxing)
 .eh_frame      0x00000000000366d4      0x11c kernel/tty.o
                                        0x134 (size before relaxing)
 .eh_frame      0x00000000000367f0      0x100 kernel/console.o
                                        0x118 (size before relaxing)
 .eh_frame      0x00000000000368f0       0x60 kernel/i8259.o
                                         0x78 (size before relaxing)
 .eh_frame      0x0000000000036950       0xb0 kernel/protect.o
                                         0xc8 (size before relaxing)
 .eh_frame      0x0000000000036a00      0x1f8 kernel/proc.o
                                        0x210 (size before relaxing)
 .eh_frame      0x0000000000036bf8       0x1c kernel/systask.o
                                         0x34 (size before relaxing)
 .eh_frame      0x0000000000036c14      0x1f0 kernel/hd.o
                                        0x208 (size before relaxing)
 .eh_frame      0x0000000000036e04       0x20 kernel/printf.o
                                         0x38 (size before relaxing)
 .eh_frame      0x0000000000036e24       0x60 kernel/vsprintf.o
                                         0x78 (size before relaxing)
 .eh_frame      0x0000000000036e84       0x60 lib/klib.o
                                         0x78 (size before relaxing)
 .eh_frame      0x0000000000036ee4       0x3c lib/misc.o
                                         0x54 (size before relaxing)
 .eh_frame      0x0000000000036f20       0xb0 fs/main.o
                                         0xc8 (size before relaxing)
 *(.eh_frame.*)

.gcc_except_table
 *(.gcc_except_table .gcc_except_table.*)

.gnu_extab
 *(.gnu_extab*)

.exception_ranges
 *(.exception_ranges .exception_ranges*)
                0x0000000000037000                . = DATA_SEGMENT_ALIGN (0x1000, 0x1000)

.eh_frame
 *(.eh_frame)
 *(.eh_frame.*)

.gnu_extab
 *(.gnu_extab)

.gcc_except_table
 *(.gcc_except_table .gcc_except_table.*)

.exception_ranges
 *(.exception_ranges .exception_ranges*)

.tdata
 *(.tdata .tdata.* .gnu.linkonce.td.*)

.tbss
 *(.tbss .tbss.* .gnu.linkonce.tb.*)
 *(.tcommon)

.preinit_array  0x0000000000037000        0x0
                [!provide]                        PROVIDE (__preinit_array_start, .)
 *(.preinit_array)
                [!provide]                        PROVIDE (__preinit_array_end, .)

.init_array     0x0000000000037000        0x0
                [!provide]                        PROVIDE (__init_array_start, .)
 *(SORT(.init_array.*) SORT(.ctors.*))
 *(.init_array EXCLUDE_FILE(*crtend?.o *crtend.o *crtbegin?.o *crtbegin.o) .ctors)
                [!provide]                        PROVIDE (__init_array_end, .)

.fini_array     0x0000000000037000        0x0
                [!provide]                        PROVIDE (__fini_array_start, .)
 *(SORT(.fini_array.*) SORT(.dtors.*))
 *(.fini_array EXCLUDE_FILE(*crtend?.o *crtend.o *crtbegin?.o *crtbegin.o) .dtors)
                [!provide]                        PROVIDE (__fini_array_end, .)

.ctors
 *crtbegin.o(.ctors)
 *crtbegin?.o(.ctors)
 *(EXCLUDE_FILE(*crtend?.o *crtend.o) .ctors)
 *(SORT(.ctors.*))
 *(.ctors)

.dtors
 *crtbegin.o(.dtors)
 *crtbegin?.o(.dtors)
 *(EXCLUDE_FILE(*crtend?.o *crtend.o) .dtors)
 *(SORT(.dtors.*))
 *(.dtors)

.jcr
 *(.jcr)

.data.rel.ro
 *(.data.rel.ro.local* .gnu.linkonce.d.rel.ro.local.*)
 *(.data.rel.ro .data.rel.ro.* .gnu.linkonce.d.rel.ro.*)

.dynamic
 *(.dynamic)

.got
 *(.got)
 *(.igot)
                0x0000000000037000                . = DATA_SEGMENT_RELRO_END (., (SIZEOF (.got.plt) >= 0xc)?0xc:0x0)

.got.plt        0x0000000000037000        0x0
 *(.got.plt)
 *(.igot.plt)
 .igot.plt      0x0000000000037000        0x0 kernel/kernel.o

.data           0x0000000000037000      0x760
 *(.data .data.* .gnu.linkonce.d.*)
 .data          0x0000000000037000        0x2 kernel/kernel.o
 .data          0x0000000000037002        0x0 kernel/start.o
 .data          0x0000000000037002        0x0 kernel/main.o
 .data          0x0000000000037002        0x0 kernel/clock.o
 *fill*         0x0000000000037002       0x1e 
 .data          0x0000000000037020      0x600 kernel/keyboard.o
                0x0000000000037020                keymap
 .data          0x0000000000037620        0x0 kernel/tty.o
 .data          0x0000000000037620        0x0 kernel/console.o
 .data          0x0000000000037620        0x0 kernel/i8259.o
 .data          0x0000000000037620      0x140 kernel/global.o
                0x0000000000037620                task_table
                0x00000000000376c0                user_proc_table
                0x0000000000037738                sys_call_table
                0x0000000000037744                dd_map
                0x000000000003775c                fsbuf
 .data          0x0000000000037760        0x0 kernel/protect.o
 .data          0x0000000000037760        0x0 kernel/proc.o
 .data          0x0000000000037760        0x0 kernel/systask.o
 .data          0x0000000000037760        0x0 kernel/hd.o
 .data          0x0000000000037760        0x0 kernel/printf.o
 .data          0x0000000000037760        0x0 kernel/vsprintf.o
 .data          0x0000000000037760        0x0 lib/klib.o
 .data          0x0000000000037760        0x0 lib/misc.o
 .data          0x0000000000037760        0x0 fs/main.o

.data1
 *(.data1)
                0x0000000000037760                _edata = .
                [!provide]                        PROVIDE (edata, .)
                0x0000000000037760                . = .
                0x0000000000037760                __bss_start = .

.bss            0x0000000000037760    0x3acac
 *(.dynbss)
 *(.bss .bss.* .gnu.linkonce.b.*)
 .bss           0x0000000000037760      0x800 kernel/kernel.o
 .bss           0x0000000000037f60        0x0 kernel/start.o
 .bss           0x0000000000037f60        0x0 kernel/main.o
 .bss           0x0000000000037f60        0x0 kernel/clock.o
 .bss           0x0000000000037f60       0x58 kernel/keyboard.o
 .bss           0x0000000000037fb8        0x0 kernel/tty.o
 .bss           0x0000000000037fb8        0x0 kernel/console.o
 .bss           0x0000000000037fb8        0x0 kernel/i8259.o
 .bss           0x0000000000037fb8        0x0 kernel/global.o
 .bss           0x0000000000037fb8        0x0 kernel/protect.o
 .bss           0x0000000000037fb8        0x0 kernel/proc.o
 .bss           0x0000000000037fb8        0x0 kernel/systask.o
 *fill*         0x0000000000037fb8        0x8 
 .bss           0x0000000000037fc0      0x64c kernel/hd.o
 .bss           0x000000000003860c        0x0 kernel/printf.o
 .bss           0x000000000003860c        0x0 kernel/vsprintf.o
 .bss           0x000000000003860c        0x0 lib/klib.o
 .bss           0x000000000003860c        0x0 lib/misc.o
 .bss           0x000000000003860c        0x0 fs/main.o
 *(COMMON)
 *fill*         0x000000000003860c       0x14 
 COMMON         0x0000000000038620    0x39dda kernel/global.o
                0x0000000000038620                idt_ptr
                0x0000000000038640                task_stack
                0x0000000000070640                k_reenter
                0x0000000000070660                gdt
                0x0000000000070a60                tty_table
                0x00000000000716a0                tss
                0x0000000000071708                nr_current_console
                0x000000000007170c                disp_pos
                0x0000000000071710                gdt_ptr
                0x0000000000071720                idt
                0x0000000000071f20                ticks
                0x0000000000071f40                console_table
                0x0000000000071f80                irq_table
                0x0000000000071fc0                p_proc_ready
                0x0000000000071fe0                proc_table
 *fill*         0x00000000000723fa        0x2 
 COMMON         0x00000000000723fc       0x10 kernel/hd.o
                0x00000000000723fc                PARTITION_ENTRY
                0x000000000007240c                . = ALIGN ((. != 0x0)?0x4:0x1)
                0x000000000007240c                . = ALIGN (0x4)
                0x000000000007240c                . = SEGMENT_START ("ldata-segment", .)
                0x000000000007240c                . = ALIGN (0x4)
                0x000000000007240c                _end = .
                [!provide]                        PROVIDE (end, .)
                0x000000000007240c                . = DATA_SEGMENT_END (.)

.stab
 *(.stab)

.stabstr
 *(.stabstr)

.stab.excl
 *(.stab.excl)

.stab.exclstr
 *(.stab.exclstr)

.stab.index
 *(.stab.index)

.stab.indexstr
 *(.stab.indexstr)

.comment        0x0000000000000000       0x34
 *(.comment)
 .comment       0x0000000000000000       0x34 kernel/start.o
                                         0x35 (size before relaxing)
 .comment       0x0000000000000034       0x35 kernel/main.o
 .comment       0x0000000000000034       0x35 kernel/clock.o
 .comment       0x0000000000000034       0x35 kernel/keyboard.o
 .comment       0x0000000000000034       0x35 kernel/tty.o
 .comment       0x0000000000000034       0x35 kernel/console.o
 .comment       0x0000000000000034       0x35 kernel/i8259.o
 .comment       0x0000000000000034       0x35 kernel/global.o
 .comment       0x0000000000000034       0x35 kernel/protect.o
 .comment       0x0000000000000034       0x35 kernel/proc.o
 .comment       0x0000000000000034       0x35 kernel/systask.o
 .comment       0x0000000000000034       0x35 kernel/hd.o
 .comment       0x0000000000000034       0x35 kernel/printf.o
 .comment       0x0000000000000034       0x35 kernel/vsprintf.o
 .comment       0x0000000000000034       0x35 lib/klib.o
 .comment       0x0000000000000034       0x35 lib/misc.o
 .comment       0x0000000000000034       0x35 fs/main.o

.debug
 *(.debug)

.line
 *(.line)

.debug_srcinfo
 *(.debug_srcinfo)

.debug_sfnames
 *(.debug_sfnames)

.debug_aranges
 *(.debug_aranges)

.debug_pubnames
 *(.debug_pubnames)

.debug_info
 *(.debug_info .gnu.linkonce.wi.*)

.debug_abbrev
 *(.debug_abbrev)

.debug_line
 *(.debug_line .debug_line.* .debug_line_end)

.debug_frame
 *(.debug_frame)

.debug_str
 *(.debug_str)

.debug_loc
 *(.debug_loc)

.debug_macinfo
 *(.debug_macinfo)

.debug_weaknames
 *(.debug_weaknames)

.debug_funcnames
 *(.debug_funcnames)

.debug_typenames
 *(.debug_typenames)

.debug_varnames
 *(.debug_varnames)

.debug_pubtypes
 *(.debug_pubtypes)

.debug_ranges
 *(.debug_ranges)

.debug_macro
 *(.debug_macro)

.gnu.attributes
 *(.gnu.attributes)

/DISCARD/
 *(.note.GNU-stack)
 *(.gnu_debuglink)
 *(.gnu.lto_*)
OUTPUT(kernel.bin elf32-i386)
