
Allocating common symbols
Common symbol       size              file

idt_ptr             0x6               kernel/global.o
inode_table         0xb00             kernel/global.o
task_stack          0x38000           kernel/global.o
k_reenter           0x4               kernel/global.o
gdt                 0x400             kernel/global.o
pcaller             0x4               kernel/global.o
tty_table           0xc30             kernel/global.o
tss                 0x68              kernel/global.o
fs_msg              0x30              kernel/global.o
nr_current_console  0x4               kernel/global.o
f_desc_table        0x300             kernel/global.o
root_inode          0x4               kernel/global.o
disp_pos            0x4               kernel/global.o
gdt_ptr             0x6               kernel/global.o
idt                 0x800             kernel/global.o
super_block         0x1e0             kernel/global.o
PARTITION_ENTRY     0x10              kernel/hd.o
ticks               0x4               kernel/global.o
console_table       0x30              kernel/global.o
irq_table           0x40              kernel/global.o
p_proc_ready        0x4               kernel/global.o
proc_table          0xb1a             kernel/global.o

Discarded input sections

 .note.GNU-stack
                0x0000000000000000        0x0 kernel/start.o
 .note.GNU-stack
                0x0000000000000000        0x0 kernel/i8259.o
 .note.GNU-stack
                0x0000000000000000        0x0 kernel/main.o
 .note.GNU-stack
                0x0000000000000000        0x0 kernel/global.o
 .note.GNU-stack
                0x0000000000000000        0x0 lib/klib.o
 .note.GNU-stack
                0x0000000000000000        0x0 kernel/protect.o
 .note.GNU-stack
                0x0000000000000000        0x0 kernel/clock.o
 .note.GNU-stack
                0x0000000000000000        0x0 kernel/proc.o
 .note.GNU-stack
                0x0000000000000000        0x0 kernel/keyboard.o
 .note.GNU-stack
                0x0000000000000000        0x0 kernel/tty.o
 .note.GNU-stack
                0x0000000000000000        0x0 kernel/console.o
 .note.GNU-stack
                0x0000000000000000        0x0 kernel/printf.o
 .note.GNU-stack
                0x0000000000000000        0x0 kernel/vsprinf.o
 .note.GNU-stack
                0x0000000000000000        0x0 kernel/systask.o
 .note.GNU-stack
                0x0000000000000000        0x0 kernel/hd.o
 .note.GNU-stack
                0x0000000000000000        0x0 lib/misc.o
 .note.GNU-stack
                0x0000000000000000        0x0 lib/open.o
 .note.GNU-stack
                0x0000000000000000        0x0 lib/close.o
 .note.GNU-stack
                0x0000000000000000        0x0 lib/read.o
 .note.GNU-stack
                0x0000000000000000        0x0 lib/write.o
 .note.GNU-stack
                0x0000000000000000        0x0 lib/syslog.o
 .note.GNU-stack
                0x0000000000000000        0x0 lib/getpid.o
 .note.GNU-stack
                0x0000000000000000        0x0 lib/unlink.o
 .note.GNU-stack
                0x0000000000000000        0x0 fs/main.o
 .note.GNU-stack
                0x0000000000000000        0x0 fs/open.o
 .note.GNU-stack
                0x0000000000000000        0x0 fs/misc.o
 .note.GNU-stack
                0x0000000000000000        0x0 fs/disklog.o
 .note.GNU-stack
                0x0000000000000000        0x0 fs/link.o

Memory Configuration

Name             Origin             Length             Attributes
*default*        0x0000000000000000 0xffffffffffffffff

Linker script and memory map

Address of section .text set to 0x30400
LOAD kernel/kernel.o
LOAD kernel/start.o
LOAD kernel/i8259.o
LOAD kernel/main.o
LOAD kernel/global.o
LOAD lib/klib.o
LOAD kernel/protect.o
LOAD kernel/clock.o
LOAD kernel/proc.o
LOAD kernel/syscall.o
LOAD kernel/keyboard.o
LOAD kernel/tty.o
LOAD kernel/console.o
LOAD kernel/printf.o
LOAD kernel/vsprinf.o
LOAD kernel/systask.o
LOAD kernel/hd.o
LOAD lib/kliba.o
LOAD lib/string.o
LOAD lib/misc.o
LOAD lib/open.o
LOAD lib/close.o
LOAD lib/read.o
LOAD lib/write.o
LOAD lib/syslog.o
LOAD lib/getpid.o
LOAD lib/unlink.o
LOAD fs/main.o
LOAD fs/open.o
LOAD fs/misc.o
LOAD fs/disklog.o
LOAD fs/link.o
                [!provide]                        PROVIDE (__executable_start, 0x8048000)
                0x0000000008048094                . = (0x8048000 + SIZEOF_HEADERS)

.interp
 *(.interp)

.note.gnu.build-id
 *(.note.gnu.build-id)

.hash
 *(.hash)

.gnu.hash
 *(.gnu.hash)

.dynsym
 *(.dynsym)

.dynstr
 *(.dynstr)

.gnu.version
 *(.gnu.version)

.gnu.version_d
 *(.gnu.version_d)

.gnu.version_r
 *(.gnu.version_r)

.rel.dyn        0x0000000008048094        0x0
 *(.rel.init)
 *(.rel.text .rel.text.* .rel.gnu.linkonce.t.*)
 .rel.text      0x0000000008048094        0x0 kernel/kernel.o
 *(.rel.fini)
 *(.rel.rodata .rel.rodata.* .rel.gnu.linkonce.r.*)
 *(.rel.data.rel.ro .rel.data.rel.ro.* .rel.gnu.linkonce.d.rel.ro.*)
 *(.rel.data .rel.data.* .rel.gnu.linkonce.d.*)
 .rel.data      0x0000000008048094        0x0 kernel/kernel.o
 *(.rel.tdata .rel.tdata.* .rel.gnu.linkonce.td.*)
 *(.rel.tbss .rel.tbss.* .rel.gnu.linkonce.tb.*)
 *(.rel.ctors)
 *(.rel.dtors)
 *(.rel.got)
 *(.rel.bss .rel.bss.* .rel.gnu.linkonce.b.*)
 *(.rel.ifunc)

.rel.plt        0x0000000008048094        0x0
 *(.rel.plt)
                [!provide]                        PROVIDE (__rel_iplt_start, .)
 *(.rel.iplt)
 .rel.iplt      0x0000000008048094        0x0 kernel/kernel.o
                [!provide]                        PROVIDE (__rel_iplt_end, .)

.init
 *(SORT(.init))

.plt            0x00000000080480a0        0x0
 *(.plt)
 *(.iplt)
 .iplt          0x00000000080480a0        0x0 kernel/kernel.o

.plt.got
 *(.plt.got)

.text           0x0000000000030400     0x8c95
 *(.text.unlikely .text.*_unlikely .text.unlikely.*)
 *(.text.exit .text.exit.*)
 *(.text.startup .text.startup.*)
 *(.text.hot .text.hot.*)
 *(.text .stub .text.* .gnu.linkonce.t.*)
 .text          0x0000000000030400      0x424 kernel/kernel.o
                0x0000000000030400                _start
                0x0000000000030480                hwint00
                0x00000000000304b0                hwint01
                0x00000000000304e0                hwint02
                0x0000000000030510                hwint03
                0x0000000000030540                hwint04
                0x0000000000030570                hwint05
                0x00000000000305a0                hwint06
                0x00000000000305d0                hwint07
                0x0000000000030600                hwint08
                0x0000000000030630                hwint09
                0x0000000000030660                hwint10
                0x0000000000030690                hwint11
                0x00000000000306c0                hwint12
                0x00000000000306f0                hwint13
                0x0000000000030720                hwint14
                0x0000000000030750                hwint15
                0x0000000000030774                divide_error
                0x000000000003077a                single_step_exception
                0x0000000000030780                nmi
                0x0000000000030786                breakpoint_exception
                0x000000000003078c                overflow
                0x0000000000030792                bounds_check
                0x0000000000030798                inval_opcode
                0x000000000003079e                copr_not_available
                0x00000000000307a4                double_fault
                0x00000000000307a8                copr_seg_overrun
                0x00000000000307ae                inval_tss
                0x00000000000307b2                segment_not_present
                0x00000000000307b6                stack_exception
                0x00000000000307ba                general_protection
                0x00000000000307be                page_fault
                0x00000000000307c2                copr_error
                0x00000000000307df                sys_call
                0x00000000000307ff                restart
 .text          0x0000000000030824       0x85 kernel/start.o
                0x0000000000030824                cstart
 .text          0x00000000000308a9      0x130 kernel/i8259.o
                0x00000000000308a9                init_8259A
                0x000000000003097e                spurious_irq
                0x00000000000309b5                put_irq_handler
 .text          0x00000000000309d9      0x6dc kernel/main.o
                0x00000000000309d9                kernel_main
                0x0000000000030cd8                get_ticks
                0x0000000000030d0c                TestA
                0x000000000003100e                TestB
                0x000000000003103d                TestC
                0x000000000003106c                panic
 .text          0x00000000000310b5        0x0 kernel/global.o
 .text          0x00000000000310b5      0x119 lib/klib.o
                0x00000000000310b5                itoa
                0x0000000000031160                disp_int
                0x0000000000031187                delay
 .text          0x00000000000311ce      0x608 kernel/protect.o
                0x00000000000311ce                init_prot
                0x000000000003157a                exception_handler
 .text          0x00000000000317d6       0xd5 kernel/clock.o
                0x00000000000317d6                clock_handler
                0x0000000000031819                init_clock
                0x0000000000031871                milli_delay
 .text          0x00000000000318ab     0x16e7 kernel/proc.o
                0x00000000000318ab                schedule
                0x0000000000031939                sys_get_ticks
                0x0000000000031943                sys_sendrec
                0x0000000000031a5d                ldt_seg_linear
                0x0000000000031aa7                va2la
                0x0000000000031b05                reset_msg
                0x00000000000328df                send_recv
                0x000000000003299c                inform_int
                0x0000000000032ae1                dump_proc
                0x0000000000032e85                dump_msg
 *fill*         0x0000000000032f92        0xe 
 .text          0x0000000000032fa0       0x28 kernel/syscall.o
                0x0000000000032fa8                printx
                0x0000000000032fb4                sendrec
 .text          0x0000000000032fc8      0x644 kernel/keyboard.o
                0x0000000000032fc8                keyboard_handler
                0x0000000000033028                init_keyboard
                0x00000000000330cd                keyboard_read
 .text          0x000000000003360c      0x564 kernel/tty.o
                0x000000000003360c                task_tty
                0x0000000000033694                in_process
                0x0000000000033915                tty_write
                0x000000000003395b                sys_write
                0x0000000000033992                sys_printx
 .text          0x0000000000033b70      0x443 kernel/console.o
                0x0000000000033b70                is_current_console
                0x0000000000033b8b                out_char
                0x0000000000033d5b                init_screen
                0x0000000000033e79                select_console
                0x0000000000033f33                scroll_screen
 .text          0x0000000000033fb3       0x50 kernel/printf.o
                0x0000000000033fb3                printf
 .text          0x0000000000034003      0x305 kernel/vsprinf.o
                0x0000000000034061                vsprintf
                0x00000000000342e2                sprintf
 .text          0x0000000000034308       0x82 kernel/systask.o
                0x0000000000034308                task_sys
 .text          0x000000000003438a      0xdaf kernel/hd.o
                0x000000000003438a                task_hd
                0x000000000003485f                hd_handler
 *fill*         0x0000000000035139        0x7 
 .text          0x0000000000035140      0x111 lib/kliba.o
                0x0000000000035140                disable_irq
                0x0000000000035175                enable_irq
                0x0000000000035194                out_byte
                0x00000000000351a0                in_byte
                0x00000000000351aa                disp_str
                0x00000000000351e8                disp_color_str
                0x0000000000035227                disable_int
                0x0000000000035229                enable_int
                0x000000000003522b                port_read
                0x000000000003523e                port_write
 *fill*         0x0000000000035251        0xf 
 .text          0x0000000000035260       0x78 lib/string.o
                0x0000000000035260                memcpy
                0x0000000000035289                memset
                0x00000000000352aa                strcpy
                0x00000000000352c2                strlen
 .text          0x00000000000352d8      0x19c lib/misc.o
                0x00000000000352d8                memcmp
                0x000000000003534e                strcmp
                0x00000000000353c1                strcat
                0x0000000000035420                assertion_failure
                0x0000000000035459                spin
 .text          0x0000000000035474       0x63 lib/open.o
                0x0000000000035474                open
 .text          0x00000000000354d7       0x2b lib/close.o
                0x00000000000354d7                close
 .text          0x0000000000035502       0x37 lib/read.o
                0x0000000000035502                read
 .text          0x0000000000035539       0x37 lib/write.o
                0x0000000000035539                write
 .text          0x0000000000035570       0xd1 lib/syslog.o
                0x0000000000035570                syslog
 .text          0x0000000000035641       0x46 lib/getpid.o
                0x0000000000035641                getpid
 .text          0x0000000000035687       0x3c lib/unlink.o
                0x0000000000035687                unlink
 .text          0x00000000000356c3     0x11b1 fs/main.o
                0x00000000000356c3                task_fs
                0x0000000000035808                do_rdwt
                0x000000000003633f                rw_sector
                0x00000000000363ce                test
                0x00000000000363fd                get_inode
                0x0000000000036569                put_inode
                0x00000000000365a7                sync_inode
                0x000000000003682e                get_super_block
 .text          0x0000000000036874      0x9ef fs/open.o
                0x0000000000036874                do_open
                0x0000000000036c1d                do_close
 .text          0x0000000000037263      0x1dd fs/misc.o
                0x0000000000037263                strip_path
                0x00000000000372ee                search_file
 .text          0x0000000000037440     0x1451 fs/disklog.o
                0x0000000000037440                do_disklog
                0x00000000000374db                disklog
                0x000000000003799f                dump_fd_graph
 .text          0x0000000000038891      0x804 fs/link.o
                0x0000000000038891                do_unlink
 *(.gnu.warning)

.fini
 *(SORT(.fini))
                [!provide]                        PROVIDE (__etext, .)
                [!provide]                        PROVIDE (_etext, .)
                [!provide]                        PROVIDE (etext, .)

.rodata         0x00000000000390a0     0x1a91
 *(.rodata .rodata.* .gnu.linkonce.r.*)
 .rodata        0x00000000000390a0       0x36 kernel/start.o
 .rodata        0x00000000000390d6       0x11 kernel/i8259.o
 *fill*         0x00000000000390e7        0x1 
 .rodata        0x00000000000390e8      0x13b kernel/main.o
 *fill*         0x0000000000039223        0x1 
 .rodata        0x0000000000039224        0x4 kernel/global.o
                0x0000000000039224                FSBUF_SIZE
 *fill*         0x0000000000039228       0x18 
 .rodata        0x0000000000039240      0x290 kernel/protect.o
 .rodata        0x00000000000394d0      0x63e kernel/proc.o
 *fill*         0x0000000000039b0e        0x2 
 .rodata        0x0000000000039b10       0x64 kernel/keyboard.o
 .rodata        0x0000000000039b74       0x94 kernel/tty.o
 .rodata        0x0000000000039c08       0x11 kernel/systask.o
 *fill*         0x0000000000039c19        0x3 
 .rodata        0x0000000000039c1c      0x1d0 kernel/hd.o
 .rodata        0x0000000000039dec       0x61 lib/misc.o
 .rodata        0x0000000000039e4d       0x23 lib/open.o
 .rodata        0x0000000000039e70       0x32 lib/syslog.o
 .rodata        0x0000000000039ea2       0x25 lib/getpid.o
 *fill*         0x0000000000039ec7        0x1 
 .rodata        0x0000000000039ec8      0x32d fs/main.o
 *fill*         0x000000000003a1f5        0x3 
 .rodata        0x000000000003a1f8      0x14b fs/open.o
 *fill*         0x000000000003a343        0x1 
 .rodata        0x000000000003a344      0x64d fs/disklog.o
 *fill*         0x000000000003a991        0x3 
 .rodata        0x000000000003a994      0x19d fs/link.o

.rodata1
 *(.rodata1)

.eh_frame_hdr
 *(.eh_frame_hdr)
 *(.eh_frame_entry .eh_frame_entry.*)

.eh_frame       0x000000000003ab34      0xf14
 *(.eh_frame)
 .eh_frame      0x000000000003ab34       0x38 kernel/start.o
 .eh_frame      0x000000000003ab6c       0x60 kernel/i8259.o
                                         0x78 (size before relaxing)
 .eh_frame      0x000000000003abcc       0xb8 kernel/main.o
                                         0xd0 (size before relaxing)
 .eh_frame      0x000000000003ac84       0x60 lib/klib.o
                                         0x78 (size before relaxing)
 .eh_frame      0x000000000003ace4       0xb0 kernel/protect.o
                                         0xc8 (size before relaxing)
 .eh_frame      0x000000000003ad94       0x60 kernel/clock.o
                                         0x78 (size before relaxing)
 .eh_frame      0x000000000003adf4      0x1f8 kernel/proc.o
                                        0x210 (size before relaxing)
 .eh_frame      0x000000000003afec       0xe0 kernel/keyboard.o
                                         0xf8 (size before relaxing)
 .eh_frame      0x000000000003b0cc      0x11c kernel/tty.o
                                        0x134 (size before relaxing)
 .eh_frame      0x000000000003b1e8      0x100 kernel/console.o
                                        0x118 (size before relaxing)
 .eh_frame      0x000000000003b2e8       0x20 kernel/printf.o
                                         0x38 (size before relaxing)
 .eh_frame      0x000000000003b308       0x60 kernel/vsprinf.o
                                         0x78 (size before relaxing)
 .eh_frame      0x000000000003b368       0x1c kernel/systask.o
                                         0x34 (size before relaxing)
 .eh_frame      0x000000000003b384      0x1f0 kernel/hd.o
                                        0x208 (size before relaxing)
 .eh_frame      0x000000000003b574       0x9c lib/misc.o
                                         0xb4 (size before relaxing)
 .eh_frame      0x000000000003b610       0x20 lib/open.o
                                         0x38 (size before relaxing)
 .eh_frame      0x000000000003b630       0x20 lib/close.o
                                         0x38 (size before relaxing)
 .eh_frame      0x000000000003b650       0x20 lib/read.o
                                         0x38 (size before relaxing)
 .eh_frame      0x000000000003b670       0x20 lib/write.o
                                         0x38 (size before relaxing)
 .eh_frame      0x000000000003b690       0x20 lib/syslog.o
                                         0x38 (size before relaxing)
 .eh_frame      0x000000000003b6b0       0x20 lib/getpid.o
                                         0x38 (size before relaxing)
 .eh_frame      0x000000000003b6d0       0x20 lib/unlink.o
                                         0x38 (size before relaxing)
 .eh_frame      0x000000000003b6f0      0x170 fs/main.o
                                        0x188 (size before relaxing)
 .eh_frame      0x000000000003b860       0xfc fs/open.o
                                        0x114 (size before relaxing)
 .eh_frame      0x000000000003b95c       0x40 fs/misc.o
                                         0x58 (size before relaxing)
 .eh_frame      0x000000000003b99c       0x80 fs/disklog.o
                                         0x98 (size before relaxing)
 .eh_frame      0x000000000003ba1c       0x2c fs/link.o
                                         0x44 (size before relaxing)
 *(.eh_frame.*)

.gcc_except_table
 *(.gcc_except_table .gcc_except_table.*)

.gnu_extab
 *(.gnu_extab*)

.exception_ranges
 *(.exception_ranges .exception_ranges*)
                0x000000000003c000                . = DATA_SEGMENT_ALIGN (0x1000, 0x1000)

.eh_frame
 *(.eh_frame)
 *(.eh_frame.*)

.gnu_extab
 *(.gnu_extab)

.gcc_except_table
 *(.gcc_except_table .gcc_except_table.*)

.exception_ranges
 *(.exception_ranges .exception_ranges*)

.tdata
 *(.tdata .tdata.* .gnu.linkonce.td.*)

.tbss
 *(.tbss .tbss.* .gnu.linkonce.tb.*)
 *(.tcommon)

.preinit_array  0x000000000003c000        0x0
                [!provide]                        PROVIDE (__preinit_array_start, .)
 *(.preinit_array)
                [!provide]                        PROVIDE (__preinit_array_end, .)

.init_array     0x000000000003c000        0x0
                [!provide]                        PROVIDE (__init_array_start, .)
 *(SORT(.init_array.*) SORT(.ctors.*))
 *(.init_array EXCLUDE_FILE(*crtend?.o *crtend.o *crtbegin?.o *crtbegin.o) .ctors)
                [!provide]                        PROVIDE (__init_array_end, .)

.fini_array     0x000000000003c000        0x0
                [!provide]                        PROVIDE (__fini_array_start, .)
 *(SORT(.fini_array.*) SORT(.dtors.*))
 *(.fini_array EXCLUDE_FILE(*crtend?.o *crtend.o *crtbegin?.o *crtbegin.o) .dtors)
                [!provide]                        PROVIDE (__fini_array_end, .)

.ctors
 *crtbegin.o(.ctors)
 *crtbegin?.o(.ctors)
 *(EXCLUDE_FILE(*crtend?.o *crtend.o) .ctors)
 *(SORT(.ctors.*))
 *(.ctors)

.dtors
 *crtbegin.o(.dtors)
 *crtbegin?.o(.dtors)
 *(EXCLUDE_FILE(*crtend?.o *crtend.o) .dtors)
 *(SORT(.dtors.*))
 *(.dtors)

.jcr
 *(.jcr)

.data.rel.ro
 *(.data.rel.ro.local* .gnu.linkonce.d.rel.ro.local.*)
 *(.data.rel.ro .data.rel.ro.* .gnu.linkonce.d.rel.ro.*)

.dynamic
 *(.dynamic)

.got
 *(.got)
 *(.igot)
                0x000000000003c000                . = DATA_SEGMENT_RELRO_END (., (SIZEOF (.got.plt) >= 0xc)?0xc:0x0)

.got.plt        0x000000000003c000        0x0
 *(.got.plt)
 *(.igot.plt)
 .igot.plt      0x000000000003c000        0x0 kernel/kernel.o

.data           0x000000000003c000      0x760
 *(.data .data.* .gnu.linkonce.d.*)
 .data          0x000000000003c000        0x2 kernel/kernel.o
 .data          0x000000000003c002        0x0 kernel/start.o
 .data          0x000000000003c002        0x0 kernel/i8259.o
 .data          0x000000000003c002        0x0 kernel/main.o
 *fill*         0x000000000003c002       0x1e 
 .data          0x000000000003c020      0x140 kernel/global.o
                0x000000000003c020                task_table
                0x000000000003c0c0                user_proc_table
                0x000000000003c138                sys_call_table
                0x000000000003c144                dd_map
                0x000000000003c15c                fsbuf
 .data          0x000000000003c160        0x0 lib/klib.o
 .data          0x000000000003c160        0x0 kernel/protect.o
 .data          0x000000000003c160        0x0 kernel/clock.o
 .data          0x000000000003c160        0x0 kernel/proc.o
 .data          0x000000000003c160      0x600 kernel/keyboard.o
                0x000000000003c160                keymap
 .data          0x000000000003c760        0x0 kernel/tty.o
 .data          0x000000000003c760        0x0 kernel/console.o
 .data          0x000000000003c760        0x0 kernel/printf.o
 .data          0x000000000003c760        0x0 kernel/vsprinf.o
 .data          0x000000000003c760        0x0 kernel/systask.o
 .data          0x000000000003c760        0x0 kernel/hd.o
 .data          0x000000000003c760        0x0 lib/misc.o
 .data          0x000000000003c760        0x0 lib/open.o
 .data          0x000000000003c760        0x0 lib/close.o
 .data          0x000000000003c760        0x0 lib/read.o
 .data          0x000000000003c760        0x0 lib/write.o
 .data          0x000000000003c760        0x0 lib/syslog.o
 .data          0x000000000003c760        0x0 lib/getpid.o
 .data          0x000000000003c760        0x0 lib/unlink.o
 .data          0x000000000003c760        0x0 fs/main.o
 .data          0x000000000003c760        0x0 fs/open.o
 .data          0x000000000003c760        0x0 fs/misc.o
 .data          0x000000000003c760        0x0 fs/disklog.o
 .data          0x000000000003c760        0x0 fs/link.o

.data1
 *(.data1)
                0x000000000003c760                _edata = .
                [!provide]                        PROVIDE (edata, .)
                0x000000000003c760                . = .
                0x000000000003c760                __bss_start = .

.bss            0x000000000003c760    0x3c62c
 *(.dynbss)
 *(.bss .bss.* .gnu.linkonce.b.*)
 .bss           0x000000000003c760      0x800 kernel/kernel.o
 .bss           0x000000000003cf60        0x0 kernel/start.o
 .bss           0x000000000003cf60        0x0 kernel/i8259.o
 .bss           0x000000000003cf60        0x0 kernel/main.o
 .bss           0x000000000003cf60        0x0 kernel/global.o
 .bss           0x000000000003cf60        0x0 lib/klib.o
 .bss           0x000000000003cf60        0x0 kernel/protect.o
 .bss           0x000000000003cf60        0x0 kernel/clock.o
 .bss           0x000000000003cf60        0x0 kernel/proc.o
 .bss           0x000000000003cf60       0x58 kernel/keyboard.o
 .bss           0x000000000003cfb8        0x0 kernel/tty.o
 .bss           0x000000000003cfb8        0x0 kernel/console.o
 .bss           0x000000000003cfb8        0x0 kernel/printf.o
 .bss           0x000000000003cfb8        0x0 kernel/vsprinf.o
 .bss           0x000000000003cfb8        0x0 kernel/systask.o
 *fill*         0x000000000003cfb8        0x8 
 .bss           0x000000000003cfc0      0x64c kernel/hd.o
 .bss           0x000000000003d60c        0x0 lib/misc.o
 .bss           0x000000000003d60c        0x0 lib/open.o
 .bss           0x000000000003d60c        0x0 lib/close.o
 .bss           0x000000000003d60c        0x0 lib/read.o
 .bss           0x000000000003d60c        0x0 lib/write.o
 .bss           0x000000000003d60c        0x0 lib/syslog.o
 .bss           0x000000000003d60c        0x0 lib/getpid.o
 .bss           0x000000000003d60c        0x0 lib/unlink.o
 .bss           0x000000000003d60c        0x0 fs/main.o
 .bss           0x000000000003d60c        0x0 fs/open.o
 .bss           0x000000000003d60c        0x0 fs/misc.o
 *fill*         0x000000000003d60c       0x14 
 .bss           0x000000000003d620      0x208 fs/disklog.o
 .bss           0x000000000003d828        0x0 fs/link.o
 *(COMMON)
 *fill*         0x000000000003d828       0x18 
 COMMON         0x000000000003d840    0x3b53a kernel/global.o
                0x000000000003d840                idt_ptr
                0x000000000003d860                inode_table
                0x000000000003e360                task_stack
                0x0000000000076360                k_reenter
                0x0000000000076380                gdt
                0x0000000000076780                pcaller
                0x00000000000767a0                tty_table
                0x00000000000773e0                tss
                0x0000000000077460                fs_msg
                0x0000000000077490                nr_current_console
                0x00000000000774a0                f_desc_table
                0x00000000000777a0                root_inode
                0x00000000000777a4                disp_pos
                0x00000000000777a8                gdt_ptr
                0x00000000000777c0                idt
                0x0000000000077fc0                super_block
                0x00000000000781a0                ticks
                0x00000000000781c0                console_table
                0x0000000000078200                irq_table
                0x0000000000078240                p_proc_ready
                0x0000000000078260                proc_table
 *fill*         0x0000000000078d7a        0x2 
 COMMON         0x0000000000078d7c       0x10 kernel/hd.o
                0x0000000000078d7c                PARTITION_ENTRY
                0x0000000000078d8c                . = ALIGN ((. != 0x0)?0x4:0x1)
                0x0000000000078d8c                . = ALIGN (0x4)
                0x0000000000078d8c                . = SEGMENT_START ("ldata-segment", .)
                0x0000000000078d8c                . = ALIGN (0x4)
                0x0000000000078d8c                _end = .
                [!provide]                        PROVIDE (end, .)
                0x0000000000078d8c                . = DATA_SEGMENT_END (.)

.stab
 *(.stab)

.stabstr
 *(.stabstr)

.stab.excl
 *(.stab.excl)

.stab.exclstr
 *(.stab.exclstr)

.stab.index
 *(.stab.index)

.stab.indexstr
 *(.stab.indexstr)

.comment        0x0000000000000000       0x34
 *(.comment)
 .comment       0x0000000000000000       0x34 kernel/start.o
                                         0x35 (size before relaxing)
 .comment       0x0000000000000034       0x35 kernel/i8259.o
 .comment       0x0000000000000034       0x35 kernel/main.o
 .comment       0x0000000000000034       0x35 kernel/global.o
 .comment       0x0000000000000034       0x35 lib/klib.o
 .comment       0x0000000000000034       0x35 kernel/protect.o
 .comment       0x0000000000000034       0x35 kernel/clock.o
 .comment       0x0000000000000034       0x35 kernel/proc.o
 .comment       0x0000000000000034       0x35 kernel/keyboard.o
 .comment       0x0000000000000034       0x35 kernel/tty.o
 .comment       0x0000000000000034       0x35 kernel/console.o
 .comment       0x0000000000000034       0x35 kernel/printf.o
 .comment       0x0000000000000034       0x35 kernel/vsprinf.o
 .comment       0x0000000000000034       0x35 kernel/systask.o
 .comment       0x0000000000000034       0x35 kernel/hd.o
 .comment       0x0000000000000034       0x35 lib/misc.o
 .comment       0x0000000000000034       0x35 lib/open.o
 .comment       0x0000000000000034       0x35 lib/close.o
 .comment       0x0000000000000034       0x35 lib/read.o
 .comment       0x0000000000000034       0x35 lib/write.o
 .comment       0x0000000000000034       0x35 lib/syslog.o
 .comment       0x0000000000000034       0x35 lib/getpid.o
 .comment       0x0000000000000034       0x35 lib/unlink.o
 .comment       0x0000000000000034       0x35 fs/main.o
 .comment       0x0000000000000034       0x35 fs/open.o
 .comment       0x0000000000000034       0x35 fs/misc.o
 .comment       0x0000000000000034       0x35 fs/disklog.o
 .comment       0x0000000000000034       0x35 fs/link.o

.debug
 *(.debug)

.line
 *(.line)

.debug_srcinfo
 *(.debug_srcinfo)

.debug_sfnames
 *(.debug_sfnames)

.debug_aranges
 *(.debug_aranges)

.debug_pubnames
 *(.debug_pubnames)

.debug_info
 *(.debug_info .gnu.linkonce.wi.*)

.debug_abbrev
 *(.debug_abbrev)

.debug_line
 *(.debug_line .debug_line.* .debug_line_end)

.debug_frame
 *(.debug_frame)

.debug_str
 *(.debug_str)

.debug_loc
 *(.debug_loc)

.debug_macinfo
 *(.debug_macinfo)

.debug_weaknames
 *(.debug_weaknames)

.debug_funcnames
 *(.debug_funcnames)

.debug_typenames
 *(.debug_typenames)

.debug_varnames
 *(.debug_varnames)

.debug_pubtypes
 *(.debug_pubtypes)

.debug_ranges
 *(.debug_ranges)

.debug_macro
 *(.debug_macro)

.gnu.attributes
 *(.gnu.attributes)

/DISCARD/
 *(.note.GNU-stack)
 *(.gnu_debuglink)
 *(.gnu.lto_*)
OUTPUT(kernel.bin elf32-i386)
