
Allocating common symbols
Common symbol       size              file

idt_ptr             0x6               kernel/global.o
inode_table         0xb00             kernel/global.o
task_stack          0x38000           kernel/global.o
k_reenter           0x4               kernel/global.o
gdt                 0x400             kernel/global.o
pcaller             0x4               kernel/global.o
tty_table           0xc30             kernel/global.o
tss                 0x68              kernel/global.o
fs_msg              0x30              kernel/global.o
nr_current_console  0x4               kernel/global.o
f_desc_table        0x300             kernel/global.o
root_inode          0x4               kernel/global.o
disp_pos            0x4               kernel/global.o
gdt_ptr             0x6               kernel/global.o
idt                 0x800             kernel/global.o
super_block         0x1e0             kernel/global.o
PARTITION_ENTRY     0x10              kernel/hd.o
ticks               0x4               kernel/global.o
console_table       0x30              kernel/global.o
irq_table           0x40              kernel/global.o
p_proc_ready        0x4               kernel/global.o
proc_table          0xb1a             kernel/global.o

Discarded input sections

 .note.GNU-stack
                0x0000000000000000        0x0 kernel/start.o
 .note.GNU-stack
                0x0000000000000000        0x0 kernel/i8259.o
 .note.GNU-stack
                0x0000000000000000        0x0 kernel/main.o
 .note.GNU-stack
                0x0000000000000000        0x0 kernel/global.o
 .note.GNU-stack
                0x0000000000000000        0x0 lib/klib.o
 .note.GNU-stack
                0x0000000000000000        0x0 kernel/protect.o
 .note.GNU-stack
                0x0000000000000000        0x0 kernel/clock.o
 .note.GNU-stack
                0x0000000000000000        0x0 kernel/proc.o
 .note.GNU-stack
                0x0000000000000000        0x0 kernel/keyboard.o
 .note.GNU-stack
                0x0000000000000000        0x0 kernel/tty.o
 .note.GNU-stack
                0x0000000000000000        0x0 kernel/console.o
 .note.GNU-stack
                0x0000000000000000        0x0 kernel/printf.o
 .note.GNU-stack
                0x0000000000000000        0x0 kernel/vsprinf.o
 .note.GNU-stack
                0x0000000000000000        0x0 kernel/systask.o
 .note.GNU-stack
                0x0000000000000000        0x0 kernel/hd.o
 .note.GNU-stack
                0x0000000000000000        0x0 lib/misc.o
 .note.GNU-stack
                0x0000000000000000        0x0 lib/open.o
 .note.GNU-stack
                0x0000000000000000        0x0 lib/close.o
 .note.GNU-stack
                0x0000000000000000        0x0 fs/main.o
 .note.GNU-stack
                0x0000000000000000        0x0 fs/open.o
 .note.GNU-stack
                0x0000000000000000        0x0 fs/misc.o

Memory Configuration

Name             Origin             Length             Attributes
*default*        0x0000000000000000 0xffffffffffffffff

Linker script and memory map

Address of section .text set to 0x30400
LOAD kernel/kernel.o
LOAD kernel/start.o
LOAD kernel/i8259.o
LOAD kernel/main.o
LOAD kernel/global.o
LOAD lib/klib.o
LOAD kernel/protect.o
LOAD kernel/clock.o
LOAD kernel/proc.o
LOAD kernel/syscall.o
LOAD kernel/keyboard.o
LOAD kernel/tty.o
LOAD kernel/console.o
LOAD kernel/printf.o
LOAD kernel/vsprinf.o
LOAD kernel/systask.o
LOAD kernel/hd.o
LOAD lib/kliba.o
LOAD lib/string.o
LOAD lib/misc.o
LOAD lib/open.o
LOAD lib/close.o
LOAD fs/main.o
LOAD fs/open.o
LOAD fs/misc.o
                [!provide]                        PROVIDE (__executable_start, 0x8048000)
                0x0000000008048094                . = (0x8048000 + SIZEOF_HEADERS)

.interp
 *(.interp)

.note.gnu.build-id
 *(.note.gnu.build-id)

.hash
 *(.hash)

.gnu.hash
 *(.gnu.hash)

.dynsym
 *(.dynsym)

.dynstr
 *(.dynstr)

.gnu.version
 *(.gnu.version)

.gnu.version_d
 *(.gnu.version_d)

.gnu.version_r
 *(.gnu.version_r)

.rel.dyn        0x0000000008048094        0x0
 *(.rel.init)
 *(.rel.text .rel.text.* .rel.gnu.linkonce.t.*)
 .rel.text      0x0000000008048094        0x0 kernel/kernel.o
 *(.rel.fini)
 *(.rel.rodata .rel.rodata.* .rel.gnu.linkonce.r.*)
 *(.rel.data.rel.ro .rel.data.rel.ro.* .rel.gnu.linkonce.d.rel.ro.*)
 *(.rel.data .rel.data.* .rel.gnu.linkonce.d.*)
 .rel.data      0x0000000008048094        0x0 kernel/kernel.o
 *(.rel.tdata .rel.tdata.* .rel.gnu.linkonce.td.*)
 *(.rel.tbss .rel.tbss.* .rel.gnu.linkonce.tb.*)
 *(.rel.ctors)
 *(.rel.dtors)
 *(.rel.got)
 *(.rel.bss .rel.bss.* .rel.gnu.linkonce.b.*)
 *(.rel.ifunc)

.rel.plt        0x0000000008048094        0x0
 *(.rel.plt)
                [!provide]                        PROVIDE (__rel_iplt_start, .)
 *(.rel.iplt)
 .rel.iplt      0x0000000008048094        0x0 kernel/kernel.o
                [!provide]                        PROVIDE (__rel_iplt_end, .)

.init
 *(SORT(.init))

.plt            0x00000000080480a0        0x0
 *(.plt)
 *(.iplt)
 .iplt          0x00000000080480a0        0x0 kernel/kernel.o

.plt.got
 *(.plt.got)

.text           0x0000000000030400     0x6b29
 *(.text.unlikely .text.*_unlikely .text.unlikely.*)
 *(.text.exit .text.exit.*)
 *(.text.startup .text.startup.*)
 *(.text.hot .text.hot.*)
 *(.text .stub .text.* .gnu.linkonce.t.*)
 .text          0x0000000000030400      0x424 kernel/kernel.o
                0x0000000000030400                _start
                0x0000000000030480                hwint00
                0x00000000000304b0                hwint01
                0x00000000000304e0                hwint02
                0x0000000000030510                hwint03
                0x0000000000030540                hwint04
                0x0000000000030570                hwint05
                0x00000000000305a0                hwint06
                0x00000000000305d0                hwint07
                0x0000000000030600                hwint08
                0x0000000000030630                hwint09
                0x0000000000030660                hwint10
                0x0000000000030690                hwint11
                0x00000000000306c0                hwint12
                0x00000000000306f0                hwint13
                0x0000000000030720                hwint14
                0x0000000000030750                hwint15
                0x0000000000030774                divide_error
                0x000000000003077a                single_step_exception
                0x0000000000030780                nmi
                0x0000000000030786                breakpoint_exception
                0x000000000003078c                overflow
                0x0000000000030792                bounds_check
                0x0000000000030798                inval_opcode
                0x000000000003079e                copr_not_available
                0x00000000000307a4                double_fault
                0x00000000000307a8                copr_seg_overrun
                0x00000000000307ae                inval_tss
                0x00000000000307b2                segment_not_present
                0x00000000000307b6                stack_exception
                0x00000000000307ba                general_protection
                0x00000000000307be                page_fault
                0x00000000000307c2                copr_error
                0x00000000000307df                sys_call
                0x00000000000307ff                restart
 .text          0x0000000000030824       0x85 kernel/start.o
                0x0000000000030824                cstart
 .text          0x00000000000308a9      0x130 kernel/i8259.o
                0x00000000000308a9                init_8259A
                0x000000000003097e                spurious_irq
                0x00000000000309b5                put_irq_handler
 .text          0x00000000000309d9      0x465 kernel/main.o
                0x00000000000309d9                kernel_main
                0x0000000000030cd8                get_ticks
                0x0000000000030d0c                TestA
                0x0000000000030d97                TestB
                0x0000000000030dc6                TestC
                0x0000000000030df5                panic
 .text          0x0000000000030e3e        0x0 kernel/global.o
 .text          0x0000000000030e3e      0x119 lib/klib.o
                0x0000000000030e3e                itoa
                0x0000000000030ee9                disp_int
                0x0000000000030f10                delay
 .text          0x0000000000030f57      0x608 kernel/protect.o
                0x0000000000030f57                init_prot
                0x0000000000031303                exception_handler
 .text          0x000000000003155f       0xd5 kernel/clock.o
                0x000000000003155f                clock_handler
                0x00000000000315a2                init_clock
                0x00000000000315fa                milli_delay
 .text          0x0000000000031634     0x16e7 kernel/proc.o
                0x0000000000031634                schedule
                0x00000000000316c2                sys_get_ticks
                0x00000000000316cc                sys_sendrec
                0x00000000000317e6                ldt_seg_linear
                0x0000000000031830                va2la
                0x000000000003188e                reset_msg
                0x0000000000032668                send_recv
                0x0000000000032725                inform_int
                0x000000000003286a                dump_proc
                0x0000000000032c0e                dump_msg
 *fill*         0x0000000000032d1b        0x5 
 .text          0x0000000000032d20       0x28 kernel/syscall.o
                0x0000000000032d28                printx
                0x0000000000032d34                sendrec
 .text          0x0000000000032d48      0x644 kernel/keyboard.o
                0x0000000000032d48                keyboard_handler
                0x0000000000032da8                init_keyboard
                0x0000000000032e4d                keyboard_read
 .text          0x000000000003338c      0x564 kernel/tty.o
                0x000000000003338c                task_tty
                0x0000000000033414                in_process
                0x0000000000033695                tty_write
                0x00000000000336db                sys_write
                0x0000000000033712                sys_printx
 .text          0x00000000000338f0      0x443 kernel/console.o
                0x00000000000338f0                is_current_console
                0x000000000003390b                out_char
                0x0000000000033adb                init_screen
                0x0000000000033bf9                select_console
                0x0000000000033cb3                scroll_screen
 .text          0x0000000000033d33       0x50 kernel/printf.o
                0x0000000000033d33                printf
 .text          0x0000000000033d83      0x305 kernel/vsprinf.o
                0x0000000000033de1                vsprintf
                0x0000000000034062                sprintf
 .text          0x0000000000034088       0x58 kernel/systask.o
                0x0000000000034088                task_sys
 .text          0x00000000000340e0      0xdaf kernel/hd.o
                0x00000000000340e0                task_hd
                0x00000000000345b5                hd_handler
 *fill*         0x0000000000034e8f        0x1 
 .text          0x0000000000034e90      0x111 lib/kliba.o
                0x0000000000034e90                disable_irq
                0x0000000000034ec5                enable_irq
                0x0000000000034ee4                out_byte
                0x0000000000034ef0                in_byte
                0x0000000000034efa                disp_str
                0x0000000000034f38                disp_color_str
                0x0000000000034f77                disable_int
                0x0000000000034f79                enable_int
                0x0000000000034f7b                port_read
                0x0000000000034f8e                port_write
 *fill*         0x0000000000034fa1        0xf 
 .text          0x0000000000034fb0       0x78 lib/string.o
                0x0000000000034fb0                memcpy
                0x0000000000034fd9                memset
                0x0000000000034ffa                strcpy
                0x0000000000035012                strlen
 .text          0x0000000000035028      0x19c lib/misc.o
                0x0000000000035028                memcmp
                0x000000000003509e                strcmp
                0x0000000000035111                strcat
                0x0000000000035170                assertion_failure
                0x00000000000351a9                spin
 .text          0x00000000000351c4       0x63 lib/open.o
                0x00000000000351c4                open
 .text          0x0000000000035227       0x2b lib/close.o
                0x0000000000035227                close
 .text          0x0000000000035252     0x110b fs/main.o
                0x0000000000035252                task_fs
                0x0000000000035300                do_rdwt
                0x0000000000035e28                rw_sector
                0x0000000000035eb7                test
                0x0000000000035ee6                get_inode
                0x0000000000036052                put_inode
                0x0000000000036090                sync_inode
                0x0000000000036317                get_super_block
 .text          0x000000000003635d      0x9ef fs/open.o
                0x000000000003635d                do_open
                0x0000000000036706                do_close
 .text          0x0000000000036d4c      0x1dd fs/misc.o
                0x0000000000036d4c                strip_path
                0x0000000000036dd7                search_file
 *(.gnu.warning)

.fini
 *(SORT(.fini))
                [!provide]                        PROVIDE (__etext, .)
                [!provide]                        PROVIDE (_etext, .)
                [!provide]                        PROVIDE (etext, .)

.rodata         0x0000000000036f40     0x111f
 *(.rodata .rodata.* .gnu.linkonce.r.*)
 .rodata        0x0000000000036f40       0x36 kernel/start.o
 .rodata        0x0000000000036f76       0x11 kernel/i8259.o
 *fill*         0x0000000000036f87        0x1 
 .rodata        0x0000000000036f88       0x65 kernel/main.o
 *fill*         0x0000000000036fed        0x3 
 .rodata        0x0000000000036ff0        0x4 kernel/global.o
                0x0000000000036ff0                FSBUF_SIZE
 *fill*         0x0000000000036ff4        0xc 
 .rodata        0x0000000000037000      0x290 kernel/protect.o
 .rodata        0x0000000000037290      0x63e kernel/proc.o
 *fill*         0x00000000000378ce        0x2 
 .rodata        0x00000000000378d0       0x64 kernel/keyboard.o
 .rodata        0x0000000000037934       0x94 kernel/tty.o
 .rodata        0x00000000000379c8       0x11 kernel/systask.o
 *fill*         0x00000000000379d9        0x3 
 .rodata        0x00000000000379dc      0x1d0 kernel/hd.o
 .rodata        0x0000000000037bac       0x61 lib/misc.o
 .rodata        0x0000000000037c0d       0x23 lib/open.o
 .rodata        0x0000000000037c30      0x2e1 fs/main.o
 *fill*         0x0000000000037f11        0x3 
 .rodata        0x0000000000037f14      0x14b fs/open.o

.rodata1
 *(.rodata1)

.eh_frame_hdr
 *(.eh_frame_hdr)
 *(.eh_frame_entry .eh_frame_entry.*)

.eh_frame       0x0000000000038060      0xdc0
 *(.eh_frame)
 .eh_frame      0x0000000000038060       0x38 kernel/start.o
 .eh_frame      0x0000000000038098       0x60 kernel/i8259.o
                                         0x78 (size before relaxing)
 .eh_frame      0x00000000000380f8       0xb0 kernel/main.o
                                         0xc8 (size before relaxing)
 .eh_frame      0x00000000000381a8       0x60 lib/klib.o
                                         0x78 (size before relaxing)
 .eh_frame      0x0000000000038208       0xb0 kernel/protect.o
                                         0xc8 (size before relaxing)
 .eh_frame      0x00000000000382b8       0x60 kernel/clock.o
                                         0x78 (size before relaxing)
 .eh_frame      0x0000000000038318      0x1f8 kernel/proc.o
                                        0x210 (size before relaxing)
 .eh_frame      0x0000000000038510       0xe0 kernel/keyboard.o
                                         0xf8 (size before relaxing)
 .eh_frame      0x00000000000385f0      0x11c kernel/tty.o
                                        0x134 (size before relaxing)
 .eh_frame      0x000000000003870c      0x100 kernel/console.o
                                        0x118 (size before relaxing)
 .eh_frame      0x000000000003880c       0x20 kernel/printf.o
                                         0x38 (size before relaxing)
 .eh_frame      0x000000000003882c       0x60 kernel/vsprinf.o
                                         0x78 (size before relaxing)
 .eh_frame      0x000000000003888c       0x1c kernel/systask.o
                                         0x34 (size before relaxing)
 .eh_frame      0x00000000000388a8      0x1f0 kernel/hd.o
                                        0x208 (size before relaxing)
 .eh_frame      0x0000000000038a98       0x9c lib/misc.o
                                         0xb4 (size before relaxing)
 .eh_frame      0x0000000000038b34       0x20 lib/open.o
                                         0x38 (size before relaxing)
 .eh_frame      0x0000000000038b54       0x20 lib/close.o
                                         0x38 (size before relaxing)
 .eh_frame      0x0000000000038b74      0x170 fs/main.o
                                        0x188 (size before relaxing)
 .eh_frame      0x0000000000038ce4       0xfc fs/open.o
                                        0x114 (size before relaxing)
 .eh_frame      0x0000000000038de0       0x40 fs/misc.o
                                         0x58 (size before relaxing)
 *(.eh_frame.*)

.gcc_except_table
 *(.gcc_except_table .gcc_except_table.*)

.gnu_extab
 *(.gnu_extab*)

.exception_ranges
 *(.exception_ranges .exception_ranges*)
                0x0000000000039000                . = DATA_SEGMENT_ALIGN (0x1000, 0x1000)

.eh_frame
 *(.eh_frame)
 *(.eh_frame.*)

.gnu_extab
 *(.gnu_extab)

.gcc_except_table
 *(.gcc_except_table .gcc_except_table.*)

.exception_ranges
 *(.exception_ranges .exception_ranges*)

.tdata
 *(.tdata .tdata.* .gnu.linkonce.td.*)

.tbss
 *(.tbss .tbss.* .gnu.linkonce.tb.*)
 *(.tcommon)

.preinit_array  0x0000000000039000        0x0
                [!provide]                        PROVIDE (__preinit_array_start, .)
 *(.preinit_array)
                [!provide]                        PROVIDE (__preinit_array_end, .)

.init_array     0x0000000000039000        0x0
                [!provide]                        PROVIDE (__init_array_start, .)
 *(SORT(.init_array.*) SORT(.ctors.*))
 *(.init_array EXCLUDE_FILE(*crtend?.o *crtend.o *crtbegin?.o *crtbegin.o) .ctors)
                [!provide]                        PROVIDE (__init_array_end, .)

.fini_array     0x0000000000039000        0x0
                [!provide]                        PROVIDE (__fini_array_start, .)
 *(SORT(.fini_array.*) SORT(.dtors.*))
 *(.fini_array EXCLUDE_FILE(*crtend?.o *crtend.o *crtbegin?.o *crtbegin.o) .dtors)
                [!provide]                        PROVIDE (__fini_array_end, .)

.ctors
 *crtbegin.o(.ctors)
 *crtbegin?.o(.ctors)
 *(EXCLUDE_FILE(*crtend?.o *crtend.o) .ctors)
 *(SORT(.ctors.*))
 *(.ctors)

.dtors
 *crtbegin.o(.dtors)
 *crtbegin?.o(.dtors)
 *(EXCLUDE_FILE(*crtend?.o *crtend.o) .dtors)
 *(SORT(.dtors.*))
 *(.dtors)

.jcr
 *(.jcr)

.data.rel.ro
 *(.data.rel.ro.local* .gnu.linkonce.d.rel.ro.local.*)
 *(.data.rel.ro .data.rel.ro.* .gnu.linkonce.d.rel.ro.*)

.dynamic
 *(.dynamic)

.got
 *(.got)
 *(.igot)
                0x0000000000039000                . = DATA_SEGMENT_RELRO_END (., (SIZEOF (.got.plt) >= 0xc)?0xc:0x0)

.got.plt        0x0000000000039000        0x0
 *(.got.plt)
 *(.igot.plt)
 .igot.plt      0x0000000000039000        0x0 kernel/kernel.o

.data           0x0000000000039000      0x760
 *(.data .data.* .gnu.linkonce.d.*)
 .data          0x0000000000039000        0x2 kernel/kernel.o
 .data          0x0000000000039002        0x0 kernel/start.o
 .data          0x0000000000039002        0x0 kernel/i8259.o
 .data          0x0000000000039002        0x0 kernel/main.o
 *fill*         0x0000000000039002       0x1e 
 .data          0x0000000000039020      0x140 kernel/global.o
                0x0000000000039020                task_table
                0x00000000000390c0                user_proc_table
                0x0000000000039138                sys_call_table
                0x0000000000039144                dd_map
                0x000000000003915c                fsbuf
 .data          0x0000000000039160        0x0 lib/klib.o
 .data          0x0000000000039160        0x0 kernel/protect.o
 .data          0x0000000000039160        0x0 kernel/clock.o
 .data          0x0000000000039160        0x0 kernel/proc.o
 .data          0x0000000000039160      0x600 kernel/keyboard.o
                0x0000000000039160                keymap
 .data          0x0000000000039760        0x0 kernel/tty.o
 .data          0x0000000000039760        0x0 kernel/console.o
 .data          0x0000000000039760        0x0 kernel/printf.o
 .data          0x0000000000039760        0x0 kernel/vsprinf.o
 .data          0x0000000000039760        0x0 kernel/systask.o
 .data          0x0000000000039760        0x0 kernel/hd.o
 .data          0x0000000000039760        0x0 lib/misc.o
 .data          0x0000000000039760        0x0 lib/open.o
 .data          0x0000000000039760        0x0 lib/close.o
 .data          0x0000000000039760        0x0 fs/main.o
 .data          0x0000000000039760        0x0 fs/open.o
 .data          0x0000000000039760        0x0 fs/misc.o

.data1
 *(.data1)
                0x0000000000039760                _edata = .
                [!provide]                        PROVIDE (edata, .)
                0x0000000000039760                . = .
                0x0000000000039760                __bss_start = .

.bss            0x0000000000039760    0x3c40c
 *(.dynbss)
 *(.bss .bss.* .gnu.linkonce.b.*)
 .bss           0x0000000000039760      0x800 kernel/kernel.o
 .bss           0x0000000000039f60        0x0 kernel/start.o
 .bss           0x0000000000039f60        0x0 kernel/i8259.o
 .bss           0x0000000000039f60        0x0 kernel/main.o
 .bss           0x0000000000039f60        0x0 kernel/global.o
 .bss           0x0000000000039f60        0x0 lib/klib.o
 .bss           0x0000000000039f60        0x0 kernel/protect.o
 .bss           0x0000000000039f60        0x0 kernel/clock.o
 .bss           0x0000000000039f60        0x0 kernel/proc.o
 .bss           0x0000000000039f60       0x58 kernel/keyboard.o
 .bss           0x0000000000039fb8        0x0 kernel/tty.o
 .bss           0x0000000000039fb8        0x0 kernel/console.o
 .bss           0x0000000000039fb8        0x0 kernel/printf.o
 .bss           0x0000000000039fb8        0x0 kernel/vsprinf.o
 .bss           0x0000000000039fb8        0x0 kernel/systask.o
 *fill*         0x0000000000039fb8        0x8 
 .bss           0x0000000000039fc0      0x64c kernel/hd.o
 .bss           0x000000000003a60c        0x0 lib/misc.o
 .bss           0x000000000003a60c        0x0 lib/open.o
 .bss           0x000000000003a60c        0x0 lib/close.o
 .bss           0x000000000003a60c        0x0 fs/main.o
 .bss           0x000000000003a60c        0x0 fs/open.o
 .bss           0x000000000003a60c        0x0 fs/misc.o
 *(COMMON)
 *fill*         0x000000000003a60c       0x14 
 COMMON         0x000000000003a620    0x3b53a kernel/global.o
                0x000000000003a620                idt_ptr
                0x000000000003a640                inode_table
                0x000000000003b140                task_stack
                0x0000000000073140                k_reenter
                0x0000000000073160                gdt
                0x0000000000073560                pcaller
                0x0000000000073580                tty_table
                0x00000000000741c0                tss
                0x0000000000074240                fs_msg
                0x0000000000074270                nr_current_console
                0x0000000000074280                f_desc_table
                0x0000000000074580                root_inode
                0x0000000000074584                disp_pos
                0x0000000000074588                gdt_ptr
                0x00000000000745a0                idt
                0x0000000000074da0                super_block
                0x0000000000074f80                ticks
                0x0000000000074fa0                console_table
                0x0000000000074fe0                irq_table
                0x0000000000075020                p_proc_ready
                0x0000000000075040                proc_table
 *fill*         0x0000000000075b5a        0x2 
 COMMON         0x0000000000075b5c       0x10 kernel/hd.o
                0x0000000000075b5c                PARTITION_ENTRY
                0x0000000000075b6c                . = ALIGN ((. != 0x0)?0x4:0x1)
                0x0000000000075b6c                . = ALIGN (0x4)
                0x0000000000075b6c                . = SEGMENT_START ("ldata-segment", .)
                0x0000000000075b6c                . = ALIGN (0x4)
                0x0000000000075b6c                _end = .
                [!provide]                        PROVIDE (end, .)
                0x0000000000075b6c                . = DATA_SEGMENT_END (.)

.stab
 *(.stab)

.stabstr
 *(.stabstr)

.stab.excl
 *(.stab.excl)

.stab.exclstr
 *(.stab.exclstr)

.stab.index
 *(.stab.index)

.stab.indexstr
 *(.stab.indexstr)

.comment        0x0000000000000000       0x34
 *(.comment)
 .comment       0x0000000000000000       0x34 kernel/start.o
                                         0x35 (size before relaxing)
 .comment       0x0000000000000034       0x35 kernel/i8259.o
 .comment       0x0000000000000034       0x35 kernel/main.o
 .comment       0x0000000000000034       0x35 kernel/global.o
 .comment       0x0000000000000034       0x35 lib/klib.o
 .comment       0x0000000000000034       0x35 kernel/protect.o
 .comment       0x0000000000000034       0x35 kernel/clock.o
 .comment       0x0000000000000034       0x35 kernel/proc.o
 .comment       0x0000000000000034       0x35 kernel/keyboard.o
 .comment       0x0000000000000034       0x35 kernel/tty.o
 .comment       0x0000000000000034       0x35 kernel/console.o
 .comment       0x0000000000000034       0x35 kernel/printf.o
 .comment       0x0000000000000034       0x35 kernel/vsprinf.o
 .comment       0x0000000000000034       0x35 kernel/systask.o
 .comment       0x0000000000000034       0x35 kernel/hd.o
 .comment       0x0000000000000034       0x35 lib/misc.o
 .comment       0x0000000000000034       0x35 lib/open.o
 .comment       0x0000000000000034       0x35 lib/close.o
 .comment       0x0000000000000034       0x35 fs/main.o
 .comment       0x0000000000000034       0x35 fs/open.o
 .comment       0x0000000000000034       0x35 fs/misc.o

.debug
 *(.debug)

.line
 *(.line)

.debug_srcinfo
 *(.debug_srcinfo)

.debug_sfnames
 *(.debug_sfnames)

.debug_aranges
 *(.debug_aranges)

.debug_pubnames
 *(.debug_pubnames)

.debug_info
 *(.debug_info .gnu.linkonce.wi.*)

.debug_abbrev
 *(.debug_abbrev)

.debug_line
 *(.debug_line .debug_line.* .debug_line_end)

.debug_frame
 *(.debug_frame)

.debug_str
 *(.debug_str)

.debug_loc
 *(.debug_loc)

.debug_macinfo
 *(.debug_macinfo)

.debug_weaknames
 *(.debug_weaknames)

.debug_funcnames
 *(.debug_funcnames)

.debug_typenames
 *(.debug_typenames)

.debug_varnames
 *(.debug_varnames)

.debug_pubtypes
 *(.debug_pubtypes)

.debug_ranges
 *(.debug_ranges)

.debug_macro
 *(.debug_macro)

.gnu.attributes
 *(.gnu.attributes)

/DISCARD/
 *(.note.GNU-stack)
 *(.gnu_debuglink)
 *(.gnu.lto_*)
OUTPUT(kernel.bin elf32-i386)
