
Allocating common symbols
Common symbol       size              file

idt_ptr             0x6               kernel/global.o
inode_table         0xb00             kernel/global.o
task_stack          0x38000           kernel/global.o
k_reenter           0x4               kernel/global.o
gdt                 0x400             kernel/global.o
pcaller             0x4               kernel/global.o
tty_table           0xc6c             kernel/global.o
tss                 0x68              kernel/global.o
fs_msg              0x30              kernel/global.o
nr_current_console  0x4               kernel/global.o
f_desc_table        0x300             kernel/global.o
root_inode          0x4               kernel/global.o
disp_pos            0x4               kernel/global.o
gdt_ptr             0x6               kernel/global.o
idt                 0x800             kernel/global.o
super_block         0x1e0             kernel/global.o
PARTITION_ENTRY     0x10              kernel/hd.o
ticks               0x4               kernel/global.o
console_table       0x30              kernel/global.o
irq_table           0x40              kernel/global.o
p_proc_ready        0x4               kernel/global.o
proc_table          0xb1a             kernel/global.o

Discarded input sections

 .note.GNU-stack
                0x0000000000000000        0x0 kernel/start.o
 .note.GNU-stack
                0x0000000000000000        0x0 kernel/i8259.o
 .note.GNU-stack
                0x0000000000000000        0x0 kernel/main.o
 .note.GNU-stack
                0x0000000000000000        0x0 kernel/global.o
 .note.GNU-stack
                0x0000000000000000        0x0 lib/klib.o
 .note.GNU-stack
                0x0000000000000000        0x0 kernel/protect.o
 .note.GNU-stack
                0x0000000000000000        0x0 kernel/clock.o
 .note.GNU-stack
                0x0000000000000000        0x0 kernel/proc.o
 .note.GNU-stack
                0x0000000000000000        0x0 kernel/keyboard.o
 .note.GNU-stack
                0x0000000000000000        0x0 kernel/tty.o
 .note.GNU-stack
                0x0000000000000000        0x0 kernel/console.o
 .note.GNU-stack
                0x0000000000000000        0x0 kernel/printf.o
 .note.GNU-stack
                0x0000000000000000        0x0 kernel/vsprinf.o
 .note.GNU-stack
                0x0000000000000000        0x0 kernel/systask.o
 .note.GNU-stack
                0x0000000000000000        0x0 kernel/hd.o
 .note.GNU-stack
                0x0000000000000000        0x0 lib/misc.o
 .note.GNU-stack
                0x0000000000000000        0x0 lib/open.o
 .note.GNU-stack
                0x0000000000000000        0x0 lib/close.o
 .note.GNU-stack
                0x0000000000000000        0x0 lib/read.o
 .note.GNU-stack
                0x0000000000000000        0x0 lib/write.o
 .note.GNU-stack
                0x0000000000000000        0x0 lib/syslog.o
 .note.GNU-stack
                0x0000000000000000        0x0 lib/getpid.o
 .note.GNU-stack
                0x0000000000000000        0x0 lib/unlink.o
 .note.GNU-stack
                0x0000000000000000        0x0 fs/main.o
 .note.GNU-stack
                0x0000000000000000        0x0 fs/open.o
 .note.GNU-stack
                0x0000000000000000        0x0 fs/misc.o
 .note.GNU-stack
                0x0000000000000000        0x0 fs/disklog.o
 .note.GNU-stack
                0x0000000000000000        0x0 fs/link.o

Memory Configuration

Name             Origin             Length             Attributes
*default*        0x0000000000000000 0xffffffffffffffff

Linker script and memory map

Address of section .text set to 0x30400
LOAD kernel/kernel.o
LOAD kernel/start.o
LOAD kernel/i8259.o
LOAD kernel/main.o
LOAD kernel/global.o
LOAD lib/klib.o
LOAD kernel/protect.o
LOAD kernel/clock.o
LOAD kernel/proc.o
LOAD kernel/syscall.o
LOAD kernel/keyboard.o
LOAD kernel/tty.o
LOAD kernel/console.o
LOAD kernel/printf.o
LOAD kernel/vsprinf.o
LOAD kernel/systask.o
LOAD kernel/hd.o
LOAD lib/kliba.o
LOAD lib/string.o
LOAD lib/misc.o
LOAD lib/open.o
LOAD lib/close.o
LOAD lib/read.o
LOAD lib/write.o
LOAD lib/syslog.o
LOAD lib/getpid.o
LOAD lib/unlink.o
LOAD fs/main.o
LOAD fs/open.o
LOAD fs/misc.o
LOAD fs/disklog.o
LOAD fs/link.o
                [!provide]                        PROVIDE (__executable_start, 0x8048000)
                0x0000000008048094                . = (0x8048000 + SIZEOF_HEADERS)

.interp
 *(.interp)

.note.gnu.build-id
 *(.note.gnu.build-id)

.hash
 *(.hash)

.gnu.hash
 *(.gnu.hash)

.dynsym
 *(.dynsym)

.dynstr
 *(.dynstr)

.gnu.version
 *(.gnu.version)

.gnu.version_d
 *(.gnu.version_d)

.gnu.version_r
 *(.gnu.version_r)

.rel.dyn        0x0000000008048094        0x0
 *(.rel.init)
 *(.rel.text .rel.text.* .rel.gnu.linkonce.t.*)
 .rel.text      0x0000000008048094        0x0 kernel/kernel.o
 *(.rel.fini)
 *(.rel.rodata .rel.rodata.* .rel.gnu.linkonce.r.*)
 *(.rel.data.rel.ro .rel.data.rel.ro.* .rel.gnu.linkonce.d.rel.ro.*)
 *(.rel.data .rel.data.* .rel.gnu.linkonce.d.*)
 .rel.data      0x0000000008048094        0x0 kernel/kernel.o
 *(.rel.tdata .rel.tdata.* .rel.gnu.linkonce.td.*)
 *(.rel.tbss .rel.tbss.* .rel.gnu.linkonce.tb.*)
 *(.rel.ctors)
 *(.rel.dtors)
 *(.rel.got)
 *(.rel.bss .rel.bss.* .rel.gnu.linkonce.b.*)
 *(.rel.ifunc)

.rel.plt        0x0000000008048094        0x0
 *(.rel.plt)
                [!provide]                        PROVIDE (__rel_iplt_start, .)
 *(.rel.iplt)
 .rel.iplt      0x0000000008048094        0x0 kernel/kernel.o
                [!provide]                        PROVIDE (__rel_iplt_end, .)

.init
 *(SORT(.init))

.plt            0x00000000080480a0        0x0
 *(.plt)
 *(.iplt)
 .iplt          0x00000000080480a0        0x0 kernel/kernel.o

.plt.got
 *(.plt.got)

.text           0x0000000000030400     0x9184
 *(.text.unlikely .text.*_unlikely .text.unlikely.*)
 *(.text.exit .text.exit.*)
 *(.text.startup .text.startup.*)
 *(.text.hot .text.hot.*)
 *(.text .stub .text.* .gnu.linkonce.t.*)
 .text          0x0000000000030400      0x424 kernel/kernel.o
                0x0000000000030400                _start
                0x0000000000030480                hwint00
                0x00000000000304b0                hwint01
                0x00000000000304e0                hwint02
                0x0000000000030510                hwint03
                0x0000000000030540                hwint04
                0x0000000000030570                hwint05
                0x00000000000305a0                hwint06
                0x00000000000305d0                hwint07
                0x0000000000030600                hwint08
                0x0000000000030630                hwint09
                0x0000000000030660                hwint10
                0x0000000000030690                hwint11
                0x00000000000306c0                hwint12
                0x00000000000306f0                hwint13
                0x0000000000030720                hwint14
                0x0000000000030750                hwint15
                0x0000000000030774                divide_error
                0x000000000003077a                single_step_exception
                0x0000000000030780                nmi
                0x0000000000030786                breakpoint_exception
                0x000000000003078c                overflow
                0x0000000000030792                bounds_check
                0x0000000000030798                inval_opcode
                0x000000000003079e                copr_not_available
                0x00000000000307a4                double_fault
                0x00000000000307a8                copr_seg_overrun
                0x00000000000307ae                inval_tss
                0x00000000000307b2                segment_not_present
                0x00000000000307b6                stack_exception
                0x00000000000307ba                general_protection
                0x00000000000307be                page_fault
                0x00000000000307c2                copr_error
                0x00000000000307df                sys_call
                0x00000000000307ff                restart
 .text          0x0000000000030824       0x85 kernel/start.o
                0x0000000000030824                cstart
 .text          0x00000000000308a9      0x130 kernel/i8259.o
                0x00000000000308a9                init_8259A
                0x000000000003097e                spurious_irq
                0x00000000000309b5                put_irq_handler
 .text          0x00000000000309d9      0x821 kernel/main.o
                0x00000000000309d9                kernel_main
                0x0000000000030cd8                get_ticks
                0x0000000000030d0c                TestA
                0x000000000003100e                TestB
                0x0000000000031182                TestC
                0x00000000000311b1                panic
 .text          0x00000000000311fa        0x0 kernel/global.o
 .text          0x00000000000311fa      0x119 lib/klib.o
                0x00000000000311fa                itoa
                0x00000000000312a5                disp_int
                0x00000000000312cc                delay
 .text          0x0000000000031313      0x608 kernel/protect.o
                0x0000000000031313                init_prot
                0x00000000000316bf                exception_handler
 .text          0x000000000003191b      0x133 kernel/clock.o
                0x000000000003191b                clock_handler
                0x00000000000319d1                init_clock
                0x0000000000031a29                milli_delay
 .text          0x0000000000031a4e     0x16fa kernel/proc.o
                0x0000000000031a4e                schedule
                0x0000000000031adc                sys_get_ticks
                0x0000000000031ae6                sys_sendrec
                0x0000000000031c00                ldt_seg_linear
                0x0000000000031c4a                va2la
                0x0000000000031ca8                reset_msg
                0x0000000000032a82                send_recv
                0x0000000000032b3f                inform_int
                0x0000000000032c97                dump_proc
                0x000000000003303b                dump_msg
 *fill*         0x0000000000033148        0x8 
 .text          0x0000000000033150       0x28 kernel/syscall.o
                0x0000000000033158                printx
                0x0000000000033164                sendrec
 .text          0x0000000000033178      0x670 kernel/keyboard.o
                0x0000000000033178                keyboard_handler
                0x0000000000033204                init_keyboard
                0x00000000000332a9                keyboard_read
 .text          0x00000000000337e8      0x915 kernel/tty.o
                0x00000000000337e8                task_tty
                0x0000000000033990                in_process
                0x0000000000033eb0                tty_write
                0x0000000000033ef6                sys_write
                0x0000000000033f29                sys_printx
 .text          0x00000000000340fd      0x443 kernel/console.o
                0x00000000000340fd                is_current_console
                0x0000000000034118                out_char
                0x00000000000342e8                init_screen
                0x0000000000034406                select_console
                0x00000000000344c0                scroll_screen
 .text          0x0000000000034540       0x50 kernel/printf.o
                0x0000000000034540                printf
 .text          0x0000000000034590      0x305 kernel/vsprinf.o
                0x00000000000345ee                vsprintf
                0x000000000003486f                sprintf
 .text          0x0000000000034895       0x82 kernel/systask.o
                0x0000000000034895                task_sys
 .text          0x0000000000034917      0xd70 kernel/hd.o
                0x0000000000034917                task_hd
                0x0000000000034dc7                hd_handler
 *fill*         0x0000000000035687        0x9 
 .text          0x0000000000035690      0x111 lib/kliba.o
                0x0000000000035690                disable_irq
                0x00000000000356c5                enable_irq
                0x00000000000356e4                out_byte
                0x00000000000356f0                in_byte
                0x00000000000356fa                disp_str
                0x0000000000035738                disp_color_str
                0x0000000000035777                disable_int
                0x0000000000035779                enable_int
                0x000000000003577b                port_read
                0x000000000003578e                port_write
 *fill*         0x00000000000357a1        0xf 
 .text          0x00000000000357b0       0x78 lib/string.o
                0x00000000000357b0                memcpy
                0x00000000000357d9                memset
                0x00000000000357fa                strcpy
                0x0000000000035812                strlen
 .text          0x0000000000035828      0x19c lib/misc.o
                0x0000000000035828                memcmp
                0x000000000003589e                strcmp
                0x0000000000035911                strcat
                0x0000000000035970                assertion_failure
                0x00000000000359a9                spin
 .text          0x00000000000359c4       0x63 lib/open.o
                0x00000000000359c4                open
 .text          0x0000000000035a27       0x2b lib/close.o
                0x0000000000035a27                close
 .text          0x0000000000035a52       0x57 lib/read.o
                0x0000000000035a52                read
 .text          0x0000000000035aa9       0x37 lib/write.o
                0x0000000000035aa9                write
 .text          0x0000000000035ae0       0xd1 lib/syslog.o
                0x0000000000035ae0                syslog
 .text          0x0000000000035bb1       0x46 lib/getpid.o
                0x0000000000035bb1                getpid
 .text          0x0000000000035bf7       0x3c lib/unlink.o
                0x0000000000035bf7                unlink
 .text          0x0000000000035c33     0x1130 fs/main.o
                0x0000000000035c33                task_fs
                0x0000000000035d53                do_rdwt
                0x000000000003682e                rw_sector
                0x00000000000368bd                test
                0x00000000000368ec                get_inode
                0x0000000000036a58                put_inode
                0x0000000000036a96                sync_inode
                0x0000000000036d1d                get_super_block
 .text          0x0000000000036d63      0x9ef fs/open.o
                0x0000000000036d63                do_open
                0x000000000003710c                do_close
 .text          0x0000000000037752      0x1dd fs/misc.o
                0x0000000000037752                strip_path
                0x00000000000377dd                search_file
 .text          0x000000000003792f     0x1451 fs/disklog.o
                0x000000000003792f                do_disklog
                0x00000000000379ca                disklog
                0x0000000000037e8e                dump_fd_graph
 .text          0x0000000000038d80      0x804 fs/link.o
                0x0000000000038d80                do_unlink
 *(.gnu.warning)

.fini
 *(SORT(.fini))
                [!provide]                        PROVIDE (__etext, .)
                [!provide]                        PROVIDE (_etext, .)
                [!provide]                        PROVIDE (etext, .)

.rodata         0x00000000000395a0     0x1b85
 *(.rodata .rodata.* .gnu.linkonce.r.*)
 .rodata        0x00000000000395a0       0x36 kernel/start.o
 .rodata        0x00000000000395d6       0x11 kernel/i8259.o
 *fill*         0x00000000000395e7        0x1 
 .rodata        0x00000000000395e8      0x17d kernel/main.o
 *fill*         0x0000000000039765        0x3 
 .rodata        0x0000000000039768        0x4 kernel/global.o
                0x0000000000039768                FSBUF_SIZE
 *fill*         0x000000000003976c       0x14 
 .rodata        0x0000000000039780      0x290 kernel/protect.o
 .rodata        0x0000000000039a10       0x22 kernel/clock.o
 *fill*         0x0000000000039a32        0x2 
 .rodata        0x0000000000039a34      0x662 kernel/proc.o
 *fill*         0x000000000003a096        0x2 
 .rodata        0x000000000003a098       0x78 kernel/keyboard.o
 .rodata        0x000000000003a110       0xfd kernel/tty.o
 .rodata        0x000000000003a20d       0x11 kernel/systask.o
 *fill*         0x000000000003a21e        0x2 
 .rodata        0x000000000003a220      0x1d0 kernel/hd.o
 .rodata        0x000000000003a3f0       0x61 lib/misc.o
 .rodata        0x000000000003a451       0x23 lib/open.o
 .rodata        0x000000000003a474       0x10 lib/read.o
 .rodata        0x000000000003a484       0x32 lib/syslog.o
 .rodata        0x000000000003a4b6       0x25 lib/getpid.o
 *fill*         0x000000000003a4db        0x1 
 .rodata        0x000000000003a4dc      0x30d fs/main.o
 *fill*         0x000000000003a7e9        0x3 
 .rodata        0x000000000003a7ec      0x14b fs/open.o
 *fill*         0x000000000003a937        0x1 
 .rodata        0x000000000003a938      0x64d fs/disklog.o
 *fill*         0x000000000003af85        0x3 
 .rodata        0x000000000003af88      0x19d fs/link.o

.rodata1
 *(.rodata1)

.eh_frame_hdr
 *(.eh_frame_hdr)
 *(.eh_frame_entry .eh_frame_entry.*)

.eh_frame       0x000000000003b128      0xf50
 *(.eh_frame)
 .eh_frame      0x000000000003b128       0x38 kernel/start.o
 .eh_frame      0x000000000003b160       0x60 kernel/i8259.o
                                         0x78 (size before relaxing)
 .eh_frame      0x000000000003b1c0       0xb8 kernel/main.o
                                         0xd0 (size before relaxing)
 .eh_frame      0x000000000003b278       0x60 lib/klib.o
                                         0x78 (size before relaxing)
 .eh_frame      0x000000000003b2d8       0xb0 kernel/protect.o
                                         0xc8 (size before relaxing)
 .eh_frame      0x000000000003b388       0x60 kernel/clock.o
                                         0x78 (size before relaxing)
 .eh_frame      0x000000000003b3e8      0x1f8 kernel/proc.o
                                        0x210 (size before relaxing)
 .eh_frame      0x000000000003b5e0       0xe0 kernel/keyboard.o
                                         0xf8 (size before relaxing)
 .eh_frame      0x000000000003b6c0      0x15c kernel/tty.o
                                        0x174 (size before relaxing)
 .eh_frame      0x000000000003b81c      0x100 kernel/console.o
                                        0x118 (size before relaxing)
 .eh_frame      0x000000000003b91c       0x20 kernel/printf.o
                                         0x38 (size before relaxing)
 .eh_frame      0x000000000003b93c       0x60 kernel/vsprinf.o
                                         0x78 (size before relaxing)
 .eh_frame      0x000000000003b99c       0x1c kernel/systask.o
                                         0x34 (size before relaxing)
 .eh_frame      0x000000000003b9b8      0x1f0 kernel/hd.o
                                        0x208 (size before relaxing)
 .eh_frame      0x000000000003bba8       0x9c lib/misc.o
                                         0xb4 (size before relaxing)
 .eh_frame      0x000000000003bc44       0x20 lib/open.o
                                         0x38 (size before relaxing)
 .eh_frame      0x000000000003bc64       0x20 lib/close.o
                                         0x38 (size before relaxing)
 .eh_frame      0x000000000003bc84       0x20 lib/read.o
                                         0x38 (size before relaxing)
 .eh_frame      0x000000000003bca4       0x20 lib/write.o
                                         0x38 (size before relaxing)
 .eh_frame      0x000000000003bcc4       0x20 lib/syslog.o
                                         0x38 (size before relaxing)
 .eh_frame      0x000000000003bce4       0x20 lib/getpid.o
                                         0x38 (size before relaxing)
 .eh_frame      0x000000000003bd04       0x20 lib/unlink.o
                                         0x38 (size before relaxing)
 .eh_frame      0x000000000003bd24      0x16c fs/main.o
                                        0x184 (size before relaxing)
 .eh_frame      0x000000000003be90       0xfc fs/open.o
                                        0x114 (size before relaxing)
 .eh_frame      0x000000000003bf8c       0x40 fs/misc.o
                                         0x58 (size before relaxing)
 .eh_frame      0x000000000003bfcc       0x80 fs/disklog.o
                                         0x98 (size before relaxing)
 .eh_frame      0x000000000003c04c       0x2c fs/link.o
                                         0x44 (size before relaxing)
 *(.eh_frame.*)

.gcc_except_table
 *(.gcc_except_table .gcc_except_table.*)

.gnu_extab
 *(.gnu_extab*)

.exception_ranges
 *(.exception_ranges .exception_ranges*)
                0x000000000003d078                . = DATA_SEGMENT_ALIGN (0x1000, 0x1000)

.eh_frame
 *(.eh_frame)
 *(.eh_frame.*)

.gnu_extab
 *(.gnu_extab)

.gcc_except_table
 *(.gcc_except_table .gcc_except_table.*)

.exception_ranges
 *(.exception_ranges .exception_ranges*)

.tdata
 *(.tdata .tdata.* .gnu.linkonce.td.*)

.tbss
 *(.tbss .tbss.* .gnu.linkonce.tb.*)
 *(.tcommon)

.preinit_array  0x000000000003d078        0x0
                [!provide]                        PROVIDE (__preinit_array_start, .)
 *(.preinit_array)
                [!provide]                        PROVIDE (__preinit_array_end, .)

.init_array     0x000000000003d078        0x0
                [!provide]                        PROVIDE (__init_array_start, .)
 *(SORT(.init_array.*) SORT(.ctors.*))
 *(.init_array EXCLUDE_FILE(*crtend?.o *crtend.o *crtbegin?.o *crtbegin.o) .ctors)
                [!provide]                        PROVIDE (__init_array_end, .)

.fini_array     0x000000000003d078        0x0
                [!provide]                        PROVIDE (__fini_array_start, .)
 *(SORT(.fini_array.*) SORT(.dtors.*))
 *(.fini_array EXCLUDE_FILE(*crtend?.o *crtend.o *crtbegin?.o *crtbegin.o) .dtors)
                [!provide]                        PROVIDE (__fini_array_end, .)

.ctors
 *crtbegin.o(.ctors)
 *crtbegin?.o(.ctors)
 *(EXCLUDE_FILE(*crtend?.o *crtend.o) .ctors)
 *(SORT(.ctors.*))
 *(.ctors)

.dtors
 *crtbegin.o(.dtors)
 *crtbegin?.o(.dtors)
 *(EXCLUDE_FILE(*crtend?.o *crtend.o) .dtors)
 *(SORT(.dtors.*))
 *(.dtors)

.jcr
 *(.jcr)

.data.rel.ro
 *(.data.rel.ro.local* .gnu.linkonce.d.rel.ro.local.*)
 *(.data.rel.ro .data.rel.ro.* .gnu.linkonce.d.rel.ro.*)

.dynamic
 *(.dynamic)

.got
 *(.got)
 *(.igot)
                0x000000000003d078                . = DATA_SEGMENT_RELRO_END (., (SIZEOF (.got.plt) >= 0xc)?0xc:0x0)

.got.plt        0x000000000003d078        0x0
 *(.got.plt)
 *(.igot.plt)
 .igot.plt      0x000000000003d078        0x0 kernel/kernel.o

.data           0x000000000003d080      0x760
 *(.data .data.* .gnu.linkonce.d.*)
 .data          0x000000000003d080        0x2 kernel/kernel.o
 .data          0x000000000003d082        0x0 kernel/start.o
 .data          0x000000000003d082        0x0 kernel/i8259.o
 .data          0x000000000003d082        0x0 kernel/main.o
 *fill*         0x000000000003d082       0x1e 
 .data          0x000000000003d0a0      0x140 kernel/global.o
                0x000000000003d0a0                task_table
                0x000000000003d140                user_proc_table
                0x000000000003d1b8                sys_call_table
                0x000000000003d1c4                dd_map
                0x000000000003d1dc                fsbuf
 .data          0x000000000003d1e0        0x0 lib/klib.o
 .data          0x000000000003d1e0        0x0 kernel/protect.o
 .data          0x000000000003d1e0        0x0 kernel/clock.o
 .data          0x000000000003d1e0        0x0 kernel/proc.o
 .data          0x000000000003d1e0      0x600 kernel/keyboard.o
                0x000000000003d1e0                keymap
 .data          0x000000000003d7e0        0x0 kernel/tty.o
 .data          0x000000000003d7e0        0x0 kernel/console.o
 .data          0x000000000003d7e0        0x0 kernel/printf.o
 .data          0x000000000003d7e0        0x0 kernel/vsprinf.o
 .data          0x000000000003d7e0        0x0 kernel/systask.o
 .data          0x000000000003d7e0        0x0 kernel/hd.o
 .data          0x000000000003d7e0        0x0 lib/misc.o
 .data          0x000000000003d7e0        0x0 lib/open.o
 .data          0x000000000003d7e0        0x0 lib/close.o
 .data          0x000000000003d7e0        0x0 lib/read.o
 .data          0x000000000003d7e0        0x0 lib/write.o
 .data          0x000000000003d7e0        0x0 lib/syslog.o
 .data          0x000000000003d7e0        0x0 lib/getpid.o
 .data          0x000000000003d7e0        0x0 lib/unlink.o
 .data          0x000000000003d7e0        0x0 fs/main.o
 .data          0x000000000003d7e0        0x0 fs/open.o
 .data          0x000000000003d7e0        0x0 fs/misc.o
 .data          0x000000000003d7e0        0x0 fs/disklog.o
 .data          0x000000000003d7e0        0x0 fs/link.o

.data1
 *(.data1)
                0x000000000003d7e0                _edata = .
                [!provide]                        PROVIDE (edata, .)
                0x000000000003d7e0                . = .
                0x000000000003d7e0                __bss_start = .

.bss            0x000000000003d7e0    0x3c68c
 *(.dynbss)
 *(.bss .bss.* .gnu.linkonce.b.*)
 .bss           0x000000000003d7e0      0x800 kernel/kernel.o
 .bss           0x000000000003dfe0        0x0 kernel/start.o
 .bss           0x000000000003dfe0        0x0 kernel/i8259.o
 .bss           0x000000000003dfe0        0x0 kernel/main.o
 .bss           0x000000000003dfe0        0x4 kernel/global.o
                0x000000000003dfe0                key_pressed
 .bss           0x000000000003dfe4        0x0 lib/klib.o
 .bss           0x000000000003dfe4        0x0 kernel/protect.o
 .bss           0x000000000003dfe4        0x0 kernel/clock.o
 .bss           0x000000000003dfe4        0x0 kernel/proc.o
 *fill*         0x000000000003dfe4       0x1c 
 .bss           0x000000000003e000       0x58 kernel/keyboard.o
 .bss           0x000000000003e058        0x0 kernel/tty.o
 .bss           0x000000000003e058        0x0 kernel/console.o
 .bss           0x000000000003e058        0x0 kernel/printf.o
 .bss           0x000000000003e058        0x0 kernel/vsprinf.o
 .bss           0x000000000003e058        0x0 kernel/systask.o
 *fill*         0x000000000003e058        0x8 
 .bss           0x000000000003e060      0x64c kernel/hd.o
 .bss           0x000000000003e6ac        0x0 lib/misc.o
 .bss           0x000000000003e6ac        0x0 lib/open.o
 .bss           0x000000000003e6ac        0x0 lib/close.o
 .bss           0x000000000003e6ac        0x0 lib/read.o
 .bss           0x000000000003e6ac        0x0 lib/write.o
 .bss           0x000000000003e6ac        0x0 lib/syslog.o
 .bss           0x000000000003e6ac        0x0 lib/getpid.o
 .bss           0x000000000003e6ac        0x0 lib/unlink.o
 .bss           0x000000000003e6ac        0x0 fs/main.o
 .bss           0x000000000003e6ac        0x0 fs/open.o
 .bss           0x000000000003e6ac        0x0 fs/misc.o
 *fill*         0x000000000003e6ac       0x14 
 .bss           0x000000000003e6c0      0x208 fs/disklog.o
 .bss           0x000000000003e8c8        0x0 fs/link.o
 *(COMMON)
 *fill*         0x000000000003e8c8       0x18 
 COMMON         0x000000000003e8e0    0x3b57a kernel/global.o
                0x000000000003e8e0                idt_ptr
                0x000000000003e900                inode_table
                0x000000000003f400                task_stack
                0x0000000000077400                k_reenter
                0x0000000000077420                gdt
                0x0000000000077820                pcaller
                0x0000000000077840                tty_table
                0x00000000000784c0                tss
                0x0000000000078540                fs_msg
                0x0000000000078570                nr_current_console
                0x0000000000078580                f_desc_table
                0x0000000000078880                root_inode
                0x0000000000078884                disp_pos
                0x0000000000078888                gdt_ptr
                0x00000000000788a0                idt
                0x00000000000790a0                super_block
                0x0000000000079280                ticks
                0x00000000000792a0                console_table
                0x00000000000792e0                irq_table
                0x0000000000079320                p_proc_ready
                0x0000000000079340                proc_table
 *fill*         0x0000000000079e5a        0x2 
 COMMON         0x0000000000079e5c       0x10 kernel/hd.o
                0x0000000000079e5c                PARTITION_ENTRY
                0x0000000000079e6c                . = ALIGN ((. != 0x0)?0x4:0x1)
                0x0000000000079e6c                . = ALIGN (0x4)
                0x0000000000079e6c                . = SEGMENT_START ("ldata-segment", .)
                0x0000000000079e6c                . = ALIGN (0x4)
                0x0000000000079e6c                _end = .
                [!provide]                        PROVIDE (end, .)
                0x0000000000079e6c                . = DATA_SEGMENT_END (.)

.stab
 *(.stab)

.stabstr
 *(.stabstr)

.stab.excl
 *(.stab.excl)

.stab.exclstr
 *(.stab.exclstr)

.stab.index
 *(.stab.index)

.stab.indexstr
 *(.stab.indexstr)

.comment        0x0000000000000000       0x34
 *(.comment)
 .comment       0x0000000000000000       0x34 kernel/start.o
                                         0x35 (size before relaxing)
 .comment       0x0000000000000034       0x35 kernel/i8259.o
 .comment       0x0000000000000034       0x35 kernel/main.o
 .comment       0x0000000000000034       0x35 kernel/global.o
 .comment       0x0000000000000034       0x35 lib/klib.o
 .comment       0x0000000000000034       0x35 kernel/protect.o
 .comment       0x0000000000000034       0x35 kernel/clock.o
 .comment       0x0000000000000034       0x35 kernel/proc.o
 .comment       0x0000000000000034       0x35 kernel/keyboard.o
 .comment       0x0000000000000034       0x35 kernel/tty.o
 .comment       0x0000000000000034       0x35 kernel/console.o
 .comment       0x0000000000000034       0x35 kernel/printf.o
 .comment       0x0000000000000034       0x35 kernel/vsprinf.o
 .comment       0x0000000000000034       0x35 kernel/systask.o
 .comment       0x0000000000000034       0x35 kernel/hd.o
 .comment       0x0000000000000034       0x35 lib/misc.o
 .comment       0x0000000000000034       0x35 lib/open.o
 .comment       0x0000000000000034       0x35 lib/close.o
 .comment       0x0000000000000034       0x35 lib/read.o
 .comment       0x0000000000000034       0x35 lib/write.o
 .comment       0x0000000000000034       0x35 lib/syslog.o
 .comment       0x0000000000000034       0x35 lib/getpid.o
 .comment       0x0000000000000034       0x35 lib/unlink.o
 .comment       0x0000000000000034       0x35 fs/main.o
 .comment       0x0000000000000034       0x35 fs/open.o
 .comment       0x0000000000000034       0x35 fs/misc.o
 .comment       0x0000000000000034       0x35 fs/disklog.o
 .comment       0x0000000000000034       0x35 fs/link.o

.debug
 *(.debug)

.line
 *(.line)

.debug_srcinfo
 *(.debug_srcinfo)

.debug_sfnames
 *(.debug_sfnames)

.debug_aranges
 *(.debug_aranges)

.debug_pubnames
 *(.debug_pubnames)

.debug_info
 *(.debug_info .gnu.linkonce.wi.*)

.debug_abbrev
 *(.debug_abbrev)

.debug_line
 *(.debug_line .debug_line.* .debug_line_end)

.debug_frame
 *(.debug_frame)

.debug_str
 *(.debug_str)

.debug_loc
 *(.debug_loc)

.debug_macinfo
 *(.debug_macinfo)

.debug_weaknames
 *(.debug_weaknames)

.debug_funcnames
 *(.debug_funcnames)

.debug_typenames
 *(.debug_typenames)

.debug_varnames
 *(.debug_varnames)

.debug_pubtypes
 *(.debug_pubtypes)

.debug_ranges
 *(.debug_ranges)

.debug_macro
 *(.debug_macro)

.gnu.attributes
 *(.gnu.attributes)

/DISCARD/
 *(.note.GNU-stack)
 *(.gnu_debuglink)
 *(.gnu.lto_*)
OUTPUT(kernel.bin elf32-i386)
